Archive member included because of file (symbol)

c:/program files (x86)/microchip/mplab c32 suite/bin/../lib/gcc/pic32mx/4.5.1\libgcc.a(_udivdi3.o)
                              build/default/debug/_ext/1954962658/Tick.o (__udivdi3)
c:/program files (x86)/microchip/mplab c32 suite/bin/../lib/gcc/pic32mx/4.5.1/../../../../pic32mx/lib\libc.a(memcmp.o)
                              build/default/debug/_ext/1954962658/ARP.o (memcmp)
c:/program files (x86)/microchip/mplab c32 suite/bin/../lib/gcc/pic32mx/4.5.1/../../../../pic32mx/lib\libc.a(memcpy.o)
                              build/default/debug/_ext/1954962658/ARP.o (memcpy)
c:/program files (x86)/microchip/mplab c32 suite/bin/../lib/gcc/pic32mx/4.5.1/../../../../pic32mx/lib\libc.a(memset.o)
                              build/default/debug/_ext/1954962658/DHCP.o (memset)
c:/program files (x86)/microchip/mplab c32 suite/bin/../lib/gcc/pic32mx/4.5.1/../../../../pic32mx/lib\libc.a(strcmp.o)
                              build/default/debug/_ext/1954962658/HTTP2.o (strcmp)
c:/program files (x86)/microchip/mplab c32 suite/bin/../lib/gcc/pic32mx/4.5.1/../../../../pic32mx/lib\libc.a(strlen.o)
                              build/default/debug/_ext/1954962658/HTTP2.o (strlen)
c:/program files (x86)/microchip/mplab c32 suite/bin/../lib/gcc/pic32mx/4.5.1/../../../../pic32mx/lib\libc.a(general-exception.o)
                              c:/program files (x86)/microchip/mplab c32 suite/bin/../lib/gcc/pic32mx/4.5.1/../../../../pic32mx/lib/crt0.o (_general_exception_context)
c:/program files (x86)/microchip/mplab c32 suite/bin/../lib/gcc/pic32mx/4.5.1/../../../../pic32mx/lib\libc.a(_iob.o)
                              build/default/debug/_ext/1954962658/ARP.o (_iob)
c:/program files (x86)/microchip/mplab c32 suite/bin/../lib/gcc/pic32mx/4.5.1/../../../../pic32mx/lib\libc.a(fwrite.o)
                              build/default/debug/_ext/1954962658/ARP.o (fwrite)
c:/program files (x86)/microchip/mplab c32 suite/bin/../lib/gcc/pic32mx/4.5.1/../../../../pic32mx/lib\libc.a(atol.o)
                              build/default/debug/_ext/1954962658/HTTP2.o (atol)
c:/program files (x86)/microchip/mplab c32 suite/bin/../lib/gcc/pic32mx/4.5.1/../../../../pic32mx/lib\libc.a(ctype.o)
                              build/default/debug/_ext/243675038/WFConsoleMsgs.o (_ctype)
c:/program files (x86)/microchip/mplab c32 suite/bin/../lib/gcc/pic32mx/4.5.1/../../../../pic32mx/lib\libc.a(puts.o)
                              build/default/debug/_ext/1954962658/ZeroconfMulticastDNS.o (fputs)
c:/program files (x86)/microchip/mplab c32 suite/bin/../lib/gcc/pic32mx/4.5.1/../../../../pic32mx/lib\libc.a(printf_cdnopsuxX.eo)
                              (_printf_cdnopsuxX)
c:/program files (x86)/microchip/mplab c32 suite/bin/../lib/gcc/pic32mx/4.5.1/../../../../pic32mx/lib\libc.a(printf_cdnopuxX.eo)
                              build/default/debug/_ext/1954962658/ZeroconfLinkLocal.o (_printf_cdnopuxX)
c:/program files (x86)/microchip/mplab c32 suite/bin/../lib/gcc/pic32mx/4.5.1/../../../../pic32mx/lib\libc.a(printf_s.eo)
                              build/default/debug/_ext/1472/CustomHTTPApp.o (_printf_s)
c:/program files (x86)/microchip/mplab c32 suite/bin/../lib/gcc/pic32mx/4.5.1/../../../../pic32mx/lib\libc.a(sprintf_cdnopsuxX.eo)
                              build/default/debug/_ext/1472/WF_Config.o (_sprintf_cdnopsuxX)
c:/program files (x86)/microchip/mplab c32 suite/bin/../lib/gcc/pic32mx/4.5.1/../../../../pic32mx/lib\libc.a(sprintf_cdnopuxX.eo)
                              build/default/debug/_ext/1954962658/ZeroconfMulticastDNS.o (_sprintf_cdnopuxX)
c:/program files (x86)/microchip/mplab c32 suite/bin/../lib/gcc/pic32mx/4.5.1/../../../../pic32mx/lib\libc.a(default-bootstrap-exception-handler.o)
                              c:/program files (x86)/microchip/mplab c32 suite/bin/../lib/gcc/pic32mx/4.5.1/../../../../pic32mx/lib/crt0.o (_bootstrap_exception_handler)
c:/program files (x86)/microchip/mplab c32 suite/bin/../lib/gcc/pic32mx/4.5.1/../../../../pic32mx/lib\libc.a(default-on-reset.o)
                              c:/program files (x86)/microchip/mplab c32 suite/bin/../lib/gcc/pic32mx/4.5.1/../../../../pic32mx/lib/crt0.o (_on_reset)
c:/program files (x86)/microchip/mplab c32 suite/bin/../lib/gcc/pic32mx/4.5.1/../../../../pic32mx/lib\libc.a(default-on-bootstrap.o)
                              c:/program files (x86)/microchip/mplab c32 suite/bin/../lib/gcc/pic32mx/4.5.1/../../../../pic32mx/lib/crt0.o (_on_bootstrap)
c:/program files (x86)/microchip/mplab c32 suite/bin/../lib/gcc/pic32mx/4.5.1/../../../../pic32mx/lib\libc.a(default-nmi-handler.o)
                              c:/program files (x86)/microchip/mplab c32 suite/bin/../lib/gcc/pic32mx/4.5.1/../../../../pic32mx/lib/crt0.o (_nmi_handler)
c:/program files (x86)/microchip/mplab c32 suite/bin/../lib/gcc/pic32mx/4.5.1/../../../../pic32mx/lib\libc.a(fflush.o)
[...]
Memory Configuration

Name             Origin             Length             Attributes
kseg0_program_mem 0x9d000000         0x00080000         xr
kseg0_boot_mem   0x9fc00490         0x00000970
exception_mem    0x9fc01000         0x00001000
kseg1_boot_mem   0xbfc00000         0x00000490
debug_exec_mem   0xbfc02000         0x00000ff0
config3          0xbfc02ff0         0x00000004
config2          0xbfc02ff4         0x00000004
config1          0xbfc02ff8         0x00000004
config0          0xbfc02ffc         0x00000004
kseg1_data_mem   0xa0000000         0x00020000         w !x
sfrs             0xbf800000         0x00100000
configsfrs       0xbfc02ff0         0x00000010
*default*        0x00000000         0xffffffff

Linker script and memory map

LOAD c:/program files (x86)/microchip/mplab c32 suite/bin/../lib/gcc/pic32mx/4.5.1/../../../../pic32mx/lib/crt0.o
                0x00000001                _DEBUGGER = 0x1
LOAD build/default/debug/_ext/1954962658/ARCFOUR.o
LOAD build/default/debug/_ext/1954962658/ARP.o
LOAD build/default/debug/_ext/1954962658/Announce.o
LOAD build/default/debug/_ext/1954962658/AutoIP.o
LOAD build/default/debug/_ext/1954962658/BerkeleyAPI.o
LOAD build/default/debug/_ext/1954962658/BigInt.o
LOAD build/default/debug/_ext/1954962658/BigInt_helper_C32.o
LOAD build/default/debug/_ext/1954962658/DHCP.o
LOAD build/default/debug/_ext/1954962658/DHCPs.o
LOAD build/default/debug/_ext/1954962658/DNS.o
LOAD build/default/debug/_ext/1954962658/DNSs.o
LOAD build/default/debug/_ext/1954962658/Delay.o
LOAD build/default/debug/_ext/1954962658/DynDNS.o
LOAD build/default/debug/_ext/1954962658/FTP.o
LOAD build/default/debug/_ext/1954962658/HTTP2.o
LOAD build/default/debug/_ext/1954962658/Hashes.o
LOAD build/default/debug/_ext/1954962658/Helpers.o
LOAD build/default/debug/_ext/1954962658/ICMP.o
LOAD build/default/debug/_ext/1954962658/IP.o
LOAD build/default/debug/_ext/1954962658/LCDBlocking.o
LOAD build/default/debug/_ext/1954962658/MPFS2.o
LOAD build/default/debug/_ext/1954962658/NBNS.o
LOAD build/default/debug/_ext/1954962658/RSA.o
LOAD build/default/debug/_ext/1954962658/Random.o
LOAD build/default/debug/_ext/1954962658/Reboot.o
LOAD build/default/debug/_ext/1954962658/SMTP.o
LOAD build/default/debug/_ext/1954962658/SNMP.o
LOAD build/default/debug/_ext/1954962658/SNTP.o
LOAD build/default/debug/_ext/1954962658/SPIEEPROM.o
LOAD build/default/debug/_ext/1954962658/SPIFlash.o
LOAD build/default/debug/_ext/1954962658/SPIRAM.o
LOAD build/default/debug/_ext/1954962658/SSL.o
LOAD build/default/debug/_ext/1954962658/StackTsk.o
LOAD build/default/debug/_ext/1954962658/TCP.o
LOAD build/default/debug/_ext/1954962658/TCPPerformanceTest.o
LOAD build/default/debug/_ext/1954962658/TFTPc.o
LOAD build/default/debug/_ext/1954962658/Telnet.o
LOAD build/default/debug/_ext/1954962658/Tick.o
LOAD build/default/debug/_ext/1954962658/UART.o
LOAD build/default/debug/_ext/1954962658/UART2TCPBridge.o
LOAD build/default/debug/_ext/1954962658/UDP.o
LOAD build/default/debug/_ext/1954962658/UDPPerformanceTest.o
LOAD build/default/debug/_ext/1954962658/ZeroconfHelper.o
LOAD build/default/debug/_ext/1954962658/ZeroconfLinkLocal.o
LOAD build/default/debug/_ext/1954962658/ZeroconfMulticastDNS.o
LOAD build/default/debug/_ext/243675038/WFConnectionAlgorithm.o
LOAD build/default/debug/_ext/243675038/WFConnectionManager.o
LOAD build/default/debug/_ext/243675038/WFConnectionProfile.o
LOAD build/default/debug/_ext/243675038/WFConsole.o
LOAD build/default/debug/_ext/243675038/WFConsoleIfconfig.o
LOAD build/default/debug/_ext/243675038/WFConsoleIwconfig.o
LOAD build/default/debug/_ext/243675038/WFConsoleIwpriv.o
LOAD build/default/debug/_ext/243675038/WFConsoleMsgHandler.o
LOAD build/default/debug/_ext/243675038/WFConsoleMsgs.o
LOAD build/default/debug/_ext/243675038/WFDriverCom.o
LOAD build/default/debug/_ext/243675038/WFDriverRaw.o
LOAD build/default/debug/_ext/243675038/WFEasyConfig.o
LOAD build/default/debug/_ext/243675038/WFEventHandler.o
LOAD build/default/debug/_ext/243675038/WFInit.o
LOAD build/default/debug/_ext/243675038/WFMac.o
LOAD build/default/debug/_ext/243675038/WFMgmtMsg.o
LOAD build/default/debug/_ext/243675038/WFParamMsg.o
LOAD build/default/debug/_ext/243675038/WFPowerSave.o
LOAD build/default/debug/_ext/243675038/WFScan.o
LOAD build/default/debug/_ext/243675038/WFTxPower.o
LOAD build/default/debug/_ext/243675038/WF_Eint.o
LOAD build/default/debug/_ext/243675038/WF_Spi.o
LOAD build/default/debug/_ext/1472/CustomHTTPApp.o
LOAD build/default/debug/_ext/1472/MPFSImg2.o
LOAD build/default/debug/_ext/1472/MainDemo.o
LOAD build/default/debug/_ext/1472/WF_Config.o
LOAD build/default/debug/_ext/1472/IperfApp.o
                0x00000001                __MPLAB_BUILD = 0x1
                0x00000001                __ICD2RAM = 0x1
                0x00000001                __MPLAB_DEBUG = 0x1
                0x00000001                __DEBUG = 0x1
                0x00000001                __MPLAB_DEBUGGER_PK3 = 0x1
LOAD c:/program files (x86)/microchip/mplab c32 suite/bin/../lib/gcc/pic32mx/4.5.1\libgcc.a
START GROUP
LOAD c:/program files (x86)/microchip/mplab c32 suite/bin/../lib/gcc/pic32mx/4.5.1/../../../../pic32mx/lib\libdebug.a
LOAD c:/program files (x86)/microchip/mplab c32 suite/bin/../lib/gcc/pic32mx/4.5.1/../../../../pic32mx/lib\libc.a
LOAD c:/program files (x86)/microchip/mplab c32 suite/bin/../lib/gcc/pic32mx/4.5.1/../../../../pic32mx/lib\libm.a
LOAD c:/program files (x86)/microchip/mplab c32 suite/bin/../lib/gcc/pic32mx/4.5.1/../../../../pic32mx/lib\libe.a
LOAD c:/program files (x86)/microchip/mplab c32 suite/bin/../lib/gcc/pic32mx/4.5.1/../../../../pic32mx/lib\libdsp.a
LOAD c:/program files (x86)/microchip/mplab c32 suite/bin/../lib/gcc/pic32mx/4.5.1/../../../../pic32mx/lib\libmchp_peripheral.a
LOAD c:/program files (x86)/microchip/mplab c32 suite/bin/../lib/gcc/pic32mx/4.5.1/../../../../pic32mx/lib\libmchp_peripheral_32MX695F512H.a
END GROUP
LOAD c:/program files (x86)/microchip/mplab c32 suite/bin/../lib/gcc/pic32mx/4.5.1\libgcc.a
                0x00000400                PROVIDE (_min_stack_size, 0x400)
                0x00000000                PROVIDE (_min_heap_size, 0x0)
LOAD c:/program files (x86)/microchip/mplab c32 suite/bin/../lib/gcc/pic32mx/4.5.1/../../../../pic32mx/lib/./proc/32MX695F512H\processor.o
                0x00000001                PROVIDE (_vector_spacing, 0x1)
                0x9fc01000                _ebase_address = 0x9fc01000
                0xbfc00000                _RESET_ADDR = 0xbfc00000
                0xbfc00380                _BEV_EXCPT_ADDR = 0xbfc00380
                0xbfc00480                _DBG_EXCPT_ADDR = 0xbfc00480
                0xbfc02000                _DBG_CODE_ADDR = 0xbfc02000
                0x00000ff0                _DBG_CODE_SIZE = 0xff0
                0x9fc01180                _GEN_EXCPT_ADDR = (_ebase_address + 0x180)

.config_BFC02FF0
 *(.config_BFC02FF0)

.config_BFC02FF4
                0xbfc02ff4        0x4
 *(.config_BFC02FF4)
 .config_BFC02FF4
                0xbfc02ff4        0x4 build/default/debug/_ext/1472/MainDemo.o

.config_BFC02FF8
                0xbfc02ff8        0x4
 *(.config_BFC02FF8)
 .config_BFC02FF8
                0xbfc02ff8        0x4 build/default/debug/_ext/1472/MainDemo.o

.config_BFC02FFC
                0xbfc02ffc        0x4
 *(.config_BFC02FFC)
 .config_BFC02FFC
                0xbfc02ffc        0x4 build/default/debug/_ext/1472/MainDemo.o
                0xbfc02000                PROVIDE (_DBG_CODE_ADDR, 0xbfc02000)
                0x00000ff0                PROVIDE (_DBG_CODE_SIZE, 0xff0)

.reset          0xbfc00000      0x1f4
 *(.reset)
 .reset         0xbfc00000       0x10 c:/program files (x86)/microchip/mplab c32 suite/bin/../lib/gcc/pic32mx/4.5.1/../../../../pic32mx/lib/crt0.o
                0xbfc00000                _reset
 *(.reset.startup)
 .reset.startup
                0xbfc00010      0x1e4 c:/program files (x86)/microchip/mplab c32 suite/bin/../lib/gcc/pic32mx/4.5.1/../../../../pic32mx/lib/crt0.o

.bev_excpt      0xbfc00380       0x10
 *(.bev_handler)
 .bev_handler   0xbfc00380       0x10 c:/program files (x86)/microchip/mplab c32 suite/bin/../lib/gcc/pic32mx/4.5.1/../../../../pic32mx/lib/crt0.o

.dbg_excpt      0xbfc00480        0x8
                0xbfc00480                . = (. + DEFINED (_DEBUGGER)?0x8:0x0)
 *fill*         0xbfc00480        0x8 00

.dbg_code       0xbfc02000      0xff0
                0xbfc02000                . = (. + DEFINED (_DEBUGGER)?_DBG_CODE_SIZE:0x0)
 *fill*         0xbfc02000      0xff0 00

.app_excpt      0x9fc01180       0x10
 *(.gen_handler)
 .gen_handler   0x9fc01180       0x10 c:/program files (x86)/microchip/mplab c32 suite/bin/../lib/gcc/pic32mx/4.5.1/../../../../pic32mx/lib/crt0.o

.vector_0       0x9fc01200        0x0
 *(.vector_0)
                0x00000001                ASSERT (((_vector_spacing == 0x0) || (SIZEOF (.vector_0) <= (_vector_spacing << 0x5))), function at exception vector 0 too large)

.vector_1       0x9fc01220        0x0
 *(.vector_1)
                0x00000001                ASSERT (((_vector_spacing == 0x0) || (SIZEOF (.vector_1) <= (_vector_spacing << 0x5))), function at exception vector 1 too large)

.vector_2       0x9fc01240        0x0
 *(.vector_2)
                0x00000001                ASSERT (((_vector_spacing == 0x0) || (SIZEOF (.vector_2) <= (_vector_spacing << 0x5))), function at exception vector 2 too large)

.vector_3       0x9fc01260        0x0
 *(.vector_3)
                0x00000001                ASSERT (((_vector_spacing == 0x0) || (SIZEOF (.vector_3) <= (_vector_spacing << 0x5))), function at exception vector 3 too large)

.vector_4       0x9fc01280        0x8
 *(.vector_4)
 .vector_4      0x9fc01280        0x8 build/default/debug/_ext/1954962658/Tick.o
                0x00000001                ASSERT (((_vector_spacing == 0x0) || (SIZEOF (.vector_4) <= (_vector_spacing << 0x5))), function at exception vector 4 too large)

.vector_5       0x9fc012a0        0x0
 *(.vector_5)
                0x00000001                ASSERT (((_vector_spacing == 0x0) || (SIZEOF (.vector_5) <= (_vector_spacing << 0x5))), function at exception vector 5 too large)

.vector_6       0x9fc012c0        0x0
 *(.vector_6)
                0x00000001                ASSERT (((_vector_spacing == 0x0) || (SIZEOF (.vector_6) <= (_vector_spacing << 0x5))), function at exception vector 6 too large)

.vector_7       0x9fc012e0        0x8
 *(.vector_7)
 .vector_7      0x9fc012e0        0x8 build/default/debug/_ext/243675038/WF_Eint.o
                0x00000001                ASSERT (((_vector_spacing == 0x0) || (SIZEOF (.vector_7) <= (_vector_spacing << 0x5))), function at exception vector 7 too large)

.vector_8       0x9fc01300        0x0
 *(.vector_8)
                0x00000001                ASSERT (((_vector_spacing == 0x0) || (SIZEOF (.vector_8) <= (_vector_spacing << 0x5))), function at exception vector 8 too large)

.vector_9       0x9fc01320        0x0
 *(.vector_9)
                0x00000001                ASSERT (((_vector_spacing == 0x0) || (SIZEOF (.vector_9) <= (_vector_spacing << 0x5))), function at exception vector 9 too large)

.vector_10      0x9fc01340        0x0
 *(.vector_10)
                0x00000001                ASSERT (((_vector_spacing == 0x0) || (SIZEOF (.vector_10) <= (_vector_spacing << 0x5))), function at exception vector 10 too large)

.vector_11      0x9fc01360        0x0
 *(.vector_11)
                0x00000001                ASSERT (((_vector_spacing == 0x0) || (SIZEOF (.vector_11) <= (_vector_spacing << 0x5))), function at exception vector 11 too large)

.vector_12      0x9fc01380        0x0
 *(.vector_12)
                0x00000001                ASSERT (((_vector_spacing == 0x0) || (SIZEOF (.vector_12) <= (_vector_spacing << 0x5))), function at exception vector 12 too large)

.vector_13      0x9fc013a0        0x0
 *(.vector_13)
                0x00000001                ASSERT (((_vector_spacing == 0x0) || (SIZEOF (.vector_13) <= (_vector_spacing << 0x5))), function at exception vector 13 too large)

.vector_14      0x9fc013c0        0x0
 *(.vector_14)
                0x00000001                ASSERT (((_vector_spacing == 0x0) || (SIZEOF (.vector_14) <= (_vector_spacing << 0x5))), function at exception vector 14 too large)

.vector_15      0x9fc013e0        0x0
 *(.vector_15)
                0x00000001                ASSERT (((_vector_spacing == 0x0) || (SIZEOF (.vector_15) <= (_vector_spacing << 0x5))), function at exception vector 15 too large)

.vector_16      0x9fc01400        0x0
 *(.vector_16)
                0x00000001                ASSERT (((_vector_spacing == 0x0) || (SIZEOF (.vector_16) <= (_vector_spacing << 0x5))), function at exception vector 16 too large)

.vector_17      0x9fc01420        0x0
 *(.vector_17)
                0x00000001                ASSERT (((_vector_spacing == 0x0) || (SIZEOF (.vector_17) <= (_vector_spacing << 0x5))), function at exception vector 17 too large)

.vector_18      0x9fc01440        0x0
 *(.vector_18)
                0x00000001                ASSERT (((_vector_spacing == 0x0) || (SIZEOF (.vector_18) <= (_vector_spacing << 0x5))), function at exception vector 18 too large)

.vector_19      0x9fc01460        0x0
 *(.vector_19)
                0x00000001                ASSERT (((_vector_spacing == 0x0) || (SIZEOF (.vector_19) <= (_vector_spacing << 0x5))), function at exception vector 19 too large)

.vector_20      0x9fc01480        0x0
 *(.vector_20)
                0x00000001                ASSERT (((_vector_spacing == 0x0) || (SIZEOF (.vector_20) <= (_vector_spacing << 0x5))), function at exception vector 20 too large)

.vector_21      0x9fc014a0        0x0
 *(.vector_21)
                0x00000001                ASSERT (((_vector_spacing == 0x0) || (SIZEOF (.vector_21) <= (_vector_spacing << 0x5))), function at exception vector 21 too large)

.vector_22      0x9fc014c0        0x0
 *(.vector_22)
                0x00000001                ASSERT (((_vector_spacing == 0x0) || (SIZEOF (.vector_22) <= (_vector_spacing << 0x5))), function at exception vector 22 too large)

.vector_23      0x9fc014e0        0x0
 *(.vector_23)
                0x00000001                ASSERT (((_vector_spacing == 0x0) || (SIZEOF (.vector_23) <= (_vector_spacing << 0x5))), function at exception vector 23 too large)

.vector_24      0x9fc01500        0x0
 *(.vector_24)
                0x00000001                ASSERT (((_vector_spacing == 0x0) || (SIZEOF (.vector_24) <= (_vector_spacing << 0x5))), function at exception vector 24 too large)

.vector_25      0x9fc01520        0x0
 *(.vector_25)
                0x00000001                ASSERT (((_vector_spacing == 0x0) || (SIZEOF (.vector_25) <= (_vector_spacing << 0x5))), function at exception vector 25 too large)

.vector_26      0x9fc01540        0x0
 *(.vector_26)
                0x00000001                ASSERT (((_vector_spacing == 0x0) || (SIZEOF (.vector_26) <= (_vector_spacing << 0x5))), function at exception vector 26 too large)

.vector_27      0x9fc01560        0x0
 *(.vector_27)
                0x00000001                ASSERT (((_vector_spacing == 0x0) || (SIZEOF (.vector_27) <= (_vector_spacing << 0x5))), function at exception vector 27 too large)

.vector_28      0x9fc01580        0x0
 *(.vector_28)
                0x00000001                ASSERT (((_vector_spacing == 0x0) || (SIZEOF (.vector_28) <= (_vector_spacing << 0x5))), function at exception vector 28 too large)

.vector_29      0x9fc015a0        0x0
 *(.vector_29)
                0x00000001                ASSERT (((_vector_spacing == 0x0) || (SIZEOF (.vector_29) <= (_vector_spacing << 0x5))), function at exception vector 29 too large)

.vector_30      0x9fc015c0        0x0
 *(.vector_30)
                0x00000001                ASSERT (((_vector_spacing == 0x0) || (SIZEOF (.vector_30) <= (_vector_spacing << 0x5))), function at exception vector 30 too large)

.vector_31      0x9fc015e0        0x0
 *(.vector_31)
                0x00000001                ASSERT (((_vector_spacing == 0x0) || (SIZEOF (.vector_31) <= (_vector_spacing << 0x5))), function at exception vector 31 too large)

.vector_32      0x9fc01600        0x0
 *(.vector_32)
                0x00000001                ASSERT (((_vector_spacing == 0x0) || (SIZEOF (.vector_32) <= (_vector_spacing << 0x5))), function at exception vector 32 too large)

.vector_33      0x9fc01620        0x0
 *(.vector_33)
                0x00000001                ASSERT (((_vector_spacing == 0x0) || (SIZEOF (.vector_33) <= (_vector_spacing << 0x5))), function at exception vector 33 too large)

.vector_34      0x9fc01640        0x0
 *(.vector_34)
                0x00000001                ASSERT (((_vector_spacing == 0x0) || (SIZEOF (.vector_34) <= (_vector_spacing << 0x5))), function at exception vector 34 too large)

.vector_35      0x9fc01660        0x0
 *(.vector_35)
                0x00000001                ASSERT (((_vector_spacing == 0x0) || (SIZEOF (.vector_35) <= (_vector_spacing << 0x5))), function at exception vector 35 too large)

.vector_36      0x9fc01680        0x0
 *(.vector_36)
                0x00000001                ASSERT (((_vector_spacing == 0x0) || (SIZEOF (.vector_36) <= (_vector_spacing << 0x5))), function at exception vector 36 too large)

.vector_37      0x9fc016a0        0x0
 *(.vector_37)
                0x00000001                ASSERT (((_vector_spacing == 0x0) || (SIZEOF (.vector_37) <= (_vector_spacing << 0x5))), function at exception vector 37 too large)

.vector_38      0x9fc016c0        0x0
 *(.vector_38)
                0x00000001                ASSERT (((_vector_spacing == 0x0) || (SIZEOF (.vector_38) <= (_vector_spacing << 0x5))), function at exception vector 38 too large)

.vector_39      0x9fc016e0        0x0
 *(.vector_39)
                0x00000001                ASSERT (((_vector_spacing == 0x0) || (SIZEOF (.vector_39) <= (_vector_spacing << 0x5))), function at exception vector 39 too large)

.vector_40      0x9fc01700        0x0
 *(.vector_40)
                0x00000001                ASSERT (((_vector_spacing == 0x0) || (SIZEOF (.vector_40) <= (_vector_spacing << 0x5))), function at exception vector 40 too large)

.vector_41      0x9fc01720        0x0
 *(.vector_41)
                0x00000001                ASSERT (((_vector_spacing == 0x0) || (SIZEOF (.vector_41) <= (_vector_spacing << 0x5))), function at exception vector 41 too large)

.vector_42      0x9fc01740        0x0
 *(.vector_42)
                0x00000001                ASSERT (((_vector_spacing == 0x0) || (SIZEOF (.vector_42) <= (_vector_spacing << 0x5))), function at exception vector 42 too large)

.vector_43      0x9fc01760        0x0
 *(.vector_43)
                0x00000001                ASSERT (((_vector_spacing == 0x0) || (SIZEOF (.vector_43) <= (_vector_spacing << 0x5))), function at exception vector 43 too large)

.vector_44      0x9fc01780        0x0
 *(.vector_44)
                0x00000001                ASSERT (((_vector_spacing == 0x0) || (SIZEOF (.vector_44) <= (_vector_spacing << 0x5))), function at exception vector 44 too large)

.vector_45      0x9fc017a0        0x0
 *(.vector_45)
                0x00000001                ASSERT (((_vector_spacing == 0x0) || (SIZEOF (.vector_45) <= (_vector_spacing << 0x5))), function at exception vector 45 too large)

.vector_46      0x9fc017c0        0x0
 *(.vector_46)
                0x00000001                ASSERT (((_vector_spacing == 0x0) || (SIZEOF (.vector_46) <= (_vector_spacing << 0x5))), function at exception vector 46 too large)

.vector_47      0x9fc017e0        0x0
 *(.vector_47)
                0x00000001                ASSERT (((_vector_spacing == 0x0) || (SIZEOF (.vector_47) <= (_vector_spacing << 0x5))), function at exception vector 47 too large)

.vector_48      0x9fc01800        0x0
 *(.vector_48)
                0x00000001                ASSERT (((_vector_spacing == 0x0) || (SIZEOF (.vector_48) <= (_vector_spacing << 0x5))), function at exception vector 48 too large)

.vector_49      0x9fc01820        0x0
 *(.vector_49)
                0x00000001                ASSERT (((_vector_spacing == 0x0) || (SIZEOF (.vector_49) <= (_vector_spacing << 0x5))), function at exception vector 49 too large)

.vector_50      0x9fc01840        0x0
 *(.vector_50)
                0x00000001                ASSERT (((_vector_spacing == 0x0) || (SIZEOF (.vector_50) <= (_vector_spacing << 0x5))), function at exception vector 50 too large)

.vector_51      0x9fc01860        0x0
 *(.vector_51)
                0x00000001                ASSERT (((_vector_spacing == 0x0) || (SIZEOF (.vector_51) <= (_vector_spacing << 0x5))), function at exception vector 51 too large)

.vector_52      0x9fc01880        0x0
 *(.vector_52)
                0x00000001                ASSERT (((_vector_spacing == 0x0) || (SIZEOF (.vector_52) <= (_vector_spacing << 0x5))), function at exception vector 52 too large)

.vector_53      0x9fc018a0        0x0
 *(.vector_53)
                0x00000001                ASSERT (((_vector_spacing == 0x0) || (SIZEOF (.vector_53) <= (_vector_spacing << 0x5))), function at exception vector 53 too large)

.vector_54      0x9fc018c0        0x0
 *(.vector_54)
                0x00000001                ASSERT (((_vector_spacing == 0x0) || (SIZEOF (.vector_54) <= (_vector_spacing << 0x5))), function at exception vector 54 too large)

.vector_55      0x9fc018e0        0x0
 *(.vector_55)
                0x00000001                ASSERT (((_vector_spacing == 0x0) || (SIZEOF (.vector_55) <= (_vector_spacing << 0x5))), function at exception vector 55 too large)

.vector_56      0x9fc01900        0x0
 *(.vector_56)
                0x00000001                ASSERT (((_vector_spacing == 0x0) || (SIZEOF (.vector_56) <= (_vector_spacing << 0x5))), function at exception vector 56 too large)

.vector_57      0x9fc01920        0x0
 *(.vector_57)
                0x00000001                ASSERT (((_vector_spacing == 0x0) || (SIZEOF (.vector_57) <= (_vector_spacing << 0x5))), function at exception vector 57 too large)

.vector_58      0x9fc01940        0x0
 *(.vector_58)
                0x00000001                ASSERT (((_vector_spacing == 0x0) || (SIZEOF (.vector_58) <= (_vector_spacing << 0x5))), function at exception vector 58 too large)

.vector_59      0x9fc01960        0x0
 *(.vector_59)
                0x00000001                ASSERT (((_vector_spacing == 0x0) || (SIZEOF (.vector_59) <= (_vector_spacing << 0x5))), function at exception vector 59 too large)

.vector_60      0x9fc01980        0x0
 *(.vector_60)
                0x00000001                ASSERT (((_vector_spacing == 0x0) || (SIZEOF (.vector_60) <= (_vector_spacing << 0x5))), function at exception vector 60 too large)

.vector_61      0x9fc019a0        0x0
 *(.vector_61)
                0x00000001                ASSERT (((_vector_spacing == 0x0) || (SIZEOF (.vector_61) <= (_vector_spacing << 0x5))), function at exception vector 61 too large)

.vector_62      0x9fc019c0        0x0
 *(.vector_62)
                0x00000001                ASSERT (((_vector_spacing == 0x0) || (SIZEOF (.vector_62) <= (_vector_spacing << 0x5))), function at exception vector 62 too large)

.vector_63      0x9fc019e0        0x0
 *(.vector_63)
                0x00000001                ASSERT (((_vector_spacing == 0x0) || (SIZEOF (.vector_63) <= (_vector_spacing << 0x5))), function at exception vector 63 too large)

.startup
 *(.startup)

.text
 *(.stub .gnu.linkonce.t.*)
 *(.text.*personality*)
 *(.mips16.fn.*)
 *(.mips16.call.*)
 *(.gnu.warning)

.rodata         0x9d000000        0x0
 *(.rodata.* .gnu.linkonce.r.*)
 *(.rodata1)
                0x9d000000                . = ALIGN (0x4)

.sdata2         0x9fc00490        0x0
 *(.sdata2 .sdata2.* .gnu.linkonce.s2.*)
                0x9fc00490                . = ALIGN (0x4)

.sbss2          0x9fc00490        0x0
 *(.sbss2 .sbss2.* .gnu.linkonce.sb2.*)
                0x9fc00490                . = ALIGN (0x4)

.eh_frame_hdr
 *(.eh_frame_hdr)

.eh_frame
 *(.eh_frame)

.dbg_data       0xa0000000      0x200
                0xa0000000                . = (. + DEFINED (_DEBUGGER)?0x200:0x0)
 *fill*         0xa0000000      0x200 00

.persist        0xa0000200        0x0
                0xa0000200                _persist_begin = .
 *(.persist .persist.*)
                0xa0000200                . = ALIGN (0x4)
                0xa0000200                _persist_end = .

.eh_frame       0xa0000200       0x3c
 *(.eh_frame)
 .eh_frame      0xa0000200       0x28 c:/program files (x86)/microchip/mplab c32 suite/bin/../lib/gcc/pic32mx/4.5.1\libgcc.a(_udivdi3.o)
 .eh_frame      0xa0000228       0x14 c:/program files (x86)/microchip/mplab c32 suite/bin/../lib/gcc/pic32mx/4.5.1\libgcc.a(_umoddi3.o)
                                 0x28 (size before relaxing)
                0xa000023c                . = .
                0xa0008230                _gp = (ALIGN (0x10) + 0x7ff0)

.got
 *(.got.plt)
 *(.got)

.sdata          0xa000023c       0x30
                0xa000023c                _sdata_begin = .
 *(.sdata .sdata.* .gnu.linkonce.s.*)
 .sdata         0xa000023c        0x4 build/default/debug/_ext/1954962658/DHCPs.o
                0xa000023c                bDHCPServerEnabled
 .sdata         0xa0000240        0x1 build/default/debug/_ext/1954962658/DNSs.o
 *fill*         0xa0000241        0x3 00
 .sdata         0xa0000244        0x4 build/default/debug/_ext/1954962658/Helpers.o
 .sdata         0xa0000248        0x1 build/default/debug/_ext/1954962658/Reboot.o
 .sdata         0xa0000249        0x2 build/default/debug/_ext/1954962658/TCP.o
 .sdata         0xa000024b        0x2 build/default/debug/_ext/1954962658/UDP.o
 .sdata         0xa000024d        0x1 build/default/debug/_ext/1954962658/ZeroconfHelper.o
                0xa000024d                zeroconf_dbg_level
 *fill*         0xa000024e        0x2 00
 .sdata         0xa0000250        0x8 build/default/debug/_ext/1954962658/ZeroconfLinkLocal.o
 .sdata         0xa0000258        0x8 build/default/debug/_ext/1954962658/ZeroconfMulticastDNS.o
                0xa0000258                CONST_STR_local
                0xa000025c                mDNS_socket
 .sdata         0xa0000260        0x1 build/default/debug/_ext/243675038/WFConnectionAlgorithm.o
 .sdata         0xa0000261        0x1 build/default/debug/_ext/243675038/WFPowerSave.o
 *fill*         0xa0000262        0x2 00
 .sdata         0xa0000264        0x4 build/default/debug/_ext/1472/CustomHTTPApp.o
                0xa0000264                number
 .sdata         0xa0000268        0x4 c:/program files (x86)/microchip/mplab c32 suite/bin/../lib/gcc/pic32mx/4.5.1/../../../../pic32mx/lib\libc.a(_iob.o)
                0xa0000268                _Files
                0xa000026c                _sdata_end = .

.lit8
 *(.lit8)

.lit4
 *(.lit4)
                0xa000026c                . = ALIGN (0x4)
                0xa000026c                _data_end = .
                0xa000026c                _bss_begin = .

.sbss           0xa000026c      0x10c
                0xa000026c                _sbss_begin = .
 *(.dynsbss)
 *(.sbss .sbss.* .gnu.linkonce.sb.*)
 .sbss          0xa000026c        0x4 build/default/debug/_ext/1954962658/ARP.o
 .sbss          0xa0000270        0x8 build/default/debug/_ext/1954962658/Announce.o
 .sbss          0xa0000278        0x4 build/default/debug/_ext/1954962658/DHCP.o
                0xa0000278                DHCPClientInitializedOnce
 .sbss          0xa000027c        0xc build/default/debug/_ext/1954962658/DHCPs.o
 .sbss          0xa0000288        0x4 build/default/debug/_ext/1954962658/IP.o
 .sbss          0xa000028c        0x8 build/default/debug/_ext/1954962658/MPFS2.o
 .sbss          0xa0000294        0x8 build/default/debug/_ext/1954962658/NBNS.o
 .sbss          0xa000029c        0x8 build/default/debug/_ext/1954962658/StackTsk.o
 .sbss          0xa00002a4        0xc build/default/debug/_ext/1954962658/Tick.o
 .sbss          0xa00002b0        0x8 build/default/debug/_ext/1954962658/UDP.o
 .sbss          0xa00002b8       0x30 build/default/debug/_ext/1954962658/ZeroconfLinkLocal.o
                0xa00002b8                zcll_state
                0xa00002bc                zcll_dhcp_substate
 .sbss          0xa00002e8        0x8 build/default/debug/_ext/1954962658/ZeroconfMulticastDNS.o
 .sbss          0xa00002f0        0x4 build/default/debug/_ext/243675038/WFConnectionManager.o
 .sbss          0xa00002f4       0x14 build/default/debug/_ext/243675038/WFDriverCom.o
 .sbss          0xa0000308        0x4 build/default/debug/_ext/243675038/WFDriverRaw.o
                0xa0000308                g_HostRAWDataPacketReceived
 .sbss          0xa000030c       0x1c build/default/debug/_ext/243675038/WFMac.o
 .sbss          0xa0000328       0x10 build/default/debug/_ext/243675038/WFMgmtMsg.o
                0xa0000334                g_MgmtResponseInProgress
 .sbss          0xa0000338        0x4 build/default/debug/_ext/243675038/WFPowerSave.o
 .sbss          0xa000033c        0x1 build/default/debug/_ext/243675038/WF_Spi.o
 *fill*         0xa000033d        0x3 00
 .sbss          0xa0000340        0x8 build/default/debug/_ext/1472/CustomHTTPApp.o
 .sbss          0xa0000348        0x8 build/default/debug/_ext/1472/MainDemo.o
                0xa0000348                gRFModuleVer1209orLater
 .sbss          0xa0000350        0x1 c:/program files (x86)/microchip/mplab c32 suite/bin/../lib/gcc/pic32mx/4.5.1/../../../../pic32mx/lib\libc.a(_iob.o)
                0xa0000350                _outdone
 *(.scommon)
 .scommon       0xa0000351        0x1 build/default/debug/_ext/1954962658/HTTP2.o
                0xa0000351                curHTTPID
 .scommon       0xa0000352        0x6 build/default/debug/_ext/1954962658/UDP.o
                0xa0000352                UDPTxCount
                0xa0000354                activeUDPSocket
                0xa0000356                UDPRxCount
 .scommon       0xa0000358        0x8 build/default/debug/_ext/243675038/WFDriverCom.o
                0xa0000358                RawMoveState
 .scommon       0xa0000360        0xc build/default/debug/_ext/243675038/WFDriverRaw.o
                0xa0000360                RawWindowState
                0xa0000364                RawWindowReady
 .scommon       0xa000036c        0x6 build/default/debug/_ext/243675038/WFEasyConfig.o
                0xa000036c                g_ScanCtx
 *fill*         0xa0000372        0x2 00
 .scommon       0xa0000374        0x4 build/default/debug/_ext/243675038/WFMac.o
                0xa0000374                g_rxIndexSetBeyondBuffer
                0xa0000378                _sbss_end = .

.bss            0xa0000378      0x220
 *(.dynbss)
 *(COMMON)
 COMMON         0xa0000378       0x9c build/default/debug/_ext/1954962658/HTTP2.o
                0xa0000378                curHTTP
                0xa0000404                httpStubs
 COMMON         0xa0000414        0xa build/default/debug/_ext/1954962658/StackTsk.o
                0xa0000414                remoteNode
 *fill*         0xa000041e        0x2 00
 COMMON         0xa0000420       0xe0 build/default/debug/_ext/1954962658/UDP.o
                0xa0000420                UDPSocketInfo
 COMMON         0xa0000500       0x98 build/default/debug/_ext/243675038/WFEasyConfig.o
                0xa0000500                g_easyConfigCtx
                0xa0000598                . = ALIGN (0x4)
                0xa0000598                . = ALIGN (0x4)
                0xa0000598                _end = .
                0xa0000598                _bss_end = .
                0x00020000                _bmxdudba_address = 0x20000
                0x00020000                _bmxdupba_address = 0x20000

/DISCARD/
 *(.pdr)
 *(.reginfo)
 *(.rel.dyn)
 *(.note.GNU-stack)
 *(.note.GNU-stack)
 *(.gnu_debuglink)
 *(.gnu.lto_*)
 *(.discard)

.stab
 *(.stab)

.stabstr
 *(.stabstr)

.stab.excl
 *(.stab.excl)

.stab.exclstr
 *(.stab.exclstr)

.stab.index
 *(.stab.index)

.stab.indexstr
 *(.stab.indexstr)

.comment        0x00000000      0x244
 *(.comment)
 .comment       0x00000000       0x51 build/default/debug/_ext/1954962658/ARCFOUR.o
                                 0x52 (size before relaxing)
 .comment       0x00000000       0x52 build/default/debug/_ext/1954962658/ARP.o
 .comment       0x00000000       0x52 build/default/debug/_ext/1954962658/Announce.o
 .comment       0x00000000       0x52 build/default/debug/_ext/1954962658/AutoIP.o
 .comment       0x00000000       0x52 build/default/debug/_ext/1954962658/BerkeleyAPI.o
 .comment       0x00000000       0x52 build/default/debug/_ext/1954962658/BigInt.o
 .comment       0x00000000       0x52 build/default/debug/_ext/1954962658/DHCP.o
 .comment       0x00000000       0x52 build/default/debug/_ext/1954962658/DHCPs.o
 .comment       0x00000000       0x52 build/default/debug/_ext/1954962658/DNS.o
 .comment       0x00000000       0x52 build/default/debug/_ext/1954962658/DNSs.o
 .comment       0x00000000       0x52 build/default/debug/_ext/1954962658/Delay.o
 .comment       0x00000000       0x52 build/default/debug/_ext/1954962658/DynDNS.o
 .comment       0x00000000       0x52 build/default/debug/_ext/1954962658/FTP.o
 .comment       0x00000000       0x52 build/default/debug/_ext/1954962658/HTTP2.o
 .comment       0x00000000       0x52 build/default/debug/_ext/1954962658/Hashes.o
 .comment       0x00000000       0x52 build/default/debug/_ext/1954962658/Helpers.o
 .comment       0x00000000       0x52 build/default/debug/_ext/1954962658/ICMP.o
 .comment       0x00000000       0x52 build/default/debug/_ext/1954962658/IP.o
 .comment       0x00000000       0x52 build/default/debug/_ext/1954962658/LCDBlocking.o
 .comment       0x00000000       0x52 build/default/debug/_ext/1954962658/MPFS2.o
 .comment       0x00000000       0x52 build/default/debug/_ext/1954962658/NBNS.o
 .comment       0x00000000       0x52 build/default/debug/_ext/1954962658/RSA.o
 .comment       0x00000000       0x52 build/default/debug/_ext/1954962658/Random.o
 .comment       0x00000000       0x52 build/default/debug/_ext/1954962658/Reboot.o
 .comment       0x00000000       0x52 build/default/debug/_ext/1954962658/SMTP.o
 .comment       0x00000000       0x52 build/default/debug/_ext/1954962658/SNMP.o
 .comment       0x00000000       0x52 build/default/debug/_ext/1954962658/SNTP.o
 .comment       0x00000000       0x52 build/default/debug/_ext/1954962658/SPIEEPROM.o
 .comment       0x00000000       0x52 build/default/debug/_ext/1954962658/SPIFlash.o
 .comment       0x00000000       0x52 build/default/debug/_ext/1954962658/SPIRAM.o
 .comment       0x00000000       0x52 build/default/debug/_ext/1954962658/SSL.o
 .comment       0x00000000       0x52 build/default/debug/_ext/1954962658/StackTsk.o
 .comment       0x00000000       0x52 build/default/debug/_ext/1954962658/TCP.o
 .comment       0x00000000       0x52 build/default/debug/_ext/1954962658/TCPPerformanceTest.o
 .comment       0x00000000       0x52 build/default/debug/_ext/1954962658/TFTPc.o
 .comment       0x00000000       0x52 build/default/debug/_ext/1954962658/Telnet.o
 .comment       0x00000000       0x52 build/default/debug/_ext/1954962658/Tick.o
 .comment       0x00000000       0x52 build/default/debug/_ext/1954962658/UART.o
 .comment       0x00000000       0x52 build/default/debug/_ext/1954962658/UART2TCPBridge.o
 .comment       0x00000000       0x52 build/default/debug/_ext/1954962658/UDP.o
 .comment       0x00000000       0x52 build/default/debug/_ext/1954962658/UDPPerformanceTest.o
 .comment       0x00000000       0x52 build/default/debug/_ext/1954962658/ZeroconfHelper.o
 .comment       0x00000000       0x52 build/default/debug/_ext/1954962658/ZeroconfLinkLocal.o
 .comment       0x00000000       0x52 build/default/debug/_ext/1954962658/ZeroconfMulticastDNS.o
 .comment       0x00000000       0x52 build/default/debug/_ext/243675038/WFConnectionAlgorithm.o
 .comment       0x00000000       0x52 build/default/debug/_ext/243675038/WFConnectionManager.o
 .comment       0x00000000       0x52 build/default/debug/_ext/243675038/WFConnectionProfile.o
 .comment       0x00000000       0x52 build/default/debug/_ext/243675038/WFConsole.o
 .comment       0x00000000       0x52 build/default/debug/_ext/243675038/WFConsoleIfconfig.o
 .comment       0x00000000       0x52 build/default/debug/_ext/243675038/WFConsoleIwconfig.o
 .comment       0x00000000       0x52 build/default/debug/_ext/243675038/WFConsoleIwpriv.o
 .comment       0x00000000       0x52 build/default/debug/_ext/243675038/WFConsoleMsgHandler.o
 .comment       0x00000000       0x52 build/default/debug/_ext/243675038/WFConsoleMsgs.o
 .comment       0x00000000       0x52 build/default/debug/_ext/243675038/WFDriverCom.o
 .comment       0x00000000       0x52 build/default/debug/_ext/243675038/WFDriverRaw.o
 .comment       0x00000000       0x52 build/default/debug/_ext/243675038/WFEasyConfig.o
 .comment       0x00000000       0x52 build/default/debug/_ext/243675038/WFEventHandler.o
 .comment       0x00000000       0x52 build/default/debug/_ext/243675038/WFInit.o
 .comment       0x00000000       0x52 build/default/debug/_ext/243675038/WFMac.o
 .comment       0x00000000       0x52 build/default/debug/_ext/243675038/WFMgmtMsg.o
 .comment       0x00000000       0x52 build/default/debug/_ext/243675038/WFParamMsg.o
 .comment       0x00000000       0x52 build/default/debug/_ext/243675038/WFPowerSave.o
 .comment       0x00000000       0x52 build/default/debug/_ext/243675038/WFScan.o
 .comment       0x00000000       0x52 build/default/debug/_ext/243675038/WFTxPower.o
 .comment       0x00000000       0x52 build/default/debug/_ext/243675038/WF_Eint.o
 .comment       0x00000000       0x52 build/default/debug/_ext/243675038/WF_Spi.o
 .comment       0x00000000       0x52 build/default/debug/_ext/1472/CustomHTTPApp.o
 .comment       0x00000000       0x52 build/default/debug/_ext/1472/MPFSImg2.o
 .comment       0x00000000       0x52 build/default/debug/_ext/1472/MainDemo.o
 .comment       0x00000000       0x52 build/default/debug/_ext/1472/WF_Config.o
 .comment       0x00000000       0x52 build/default/debug/_ext/1472/IperfApp.o
 .comment       0x00000000       0x52 c:/program files (x86)/microchip/mplab c32 suite/bin/../lib/gcc/pic32mx/4.5.1\libgcc.a(_udivdi3.o)
 .comment       0x00000051       0x55 c:/program files (x86)/microchip/mplab c32 suite/bin/../lib/gcc/pic32mx/4.5.1/../../../../pic32mx/lib\libc.a(memcmp.o)
                                 0x56 (size before relaxing)
 .comment       0x000000a6       0x55 c:/program files (x86)/microchip/mplab c32 suite/bin/../lib/gcc/pic32mx/4.5.1/../../../../pic32mx/lib\libc.a(memset.o)
                                 0x56 (size before relaxing)
 .comment       0x000000fb       0x55 c:/program files (x86)/microchip/mplab c32 suite/bin/../lib/gcc/pic32mx/4.5.1/../../../../pic32mx/lib\libc.a(strcmp.o)
                                 0x56 (size before relaxing)
 .comment       0x00000150       0x55 c:/program files (x86)/microchip/mplab c32 suite/bin/../lib/gcc/pic32mx/4.5.1/../../../../pic32mx/lib\libc.a(strlen.o)
                                 0x56 (size before relaxing)
 .comment       0x00000000       0x52 c:/program files (x86)/microchip/mplab c32 suite/bin/../lib/gcc/pic32mx/4.5.1/../../../../pic32mx/lib\libc.a(_iob.o)
 .comment       0x00000000       0x52 c:/program files (x86)/microchip/mplab c32 suite/bin/../lib/gcc/pic32mx/4.5.1/../../../../pic32mx/lib\libc.a(fwrite.o)
 .comment       0x00000000       0x52 c:/program files (x86)/microchip/mplab c32 suite/bin/../lib/gcc/pic32mx/4.5.1/../../../../pic32mx/lib\libc.a(atol.o)
 .comment       0x000001a5       0x4e c:/program files (x86)/microchip/mplab c32 suite/bin/../lib/gcc/pic32mx/4.5.1/../../../../pic32mx/lib\libc.a(ctype.o)
                                 0xa0 (size before relaxing)
 .comment       0x00000000       0x52 c:/program files (x86)/microchip/mplab c32 suite/bin/../lib/gcc/pic32mx/4.5.1/../../../../pic32mx/lib\libc.a(puts.o)
 .comment       0x00000000       0x52 c:/program files (x86)/microchip/mplab c32 suite/bin/../lib/gcc/pic32mx/4.5.1/../../../../pic32mx/lib\libc.a(printf_cdnopsuxX.eo)
 .comment       0x00000000       0x52 c:/program files (x86)/microchip/mplab c32 suite/bin/../lib/gcc/pic32mx/4.5.1/../../../../pic32mx/lib\libc.a(sprintf_cdnopsuxX.eo)
 .comment       0x00000000       0x52 c:/program files (x86)/microchip/mplab c32 suite/bin/../lib/gcc/pic32mx/4.5.1/../../../../pic32mx/lib\libc.a(default-bootstrap-exception-handler.o)
 .comment       0x00000000       0x52 c:/program files (x86)/microchip/mplab c32 suite/bin/../lib/gcc/pic32mx/4.5.1/../../../../pic32mx/lib\libc.a(default-on-reset.o)
 .comment       0x00000000       0x52 c:/program files (x86)/microchip/mplab c32 suite/bin/../lib/gcc/pic32mx/4.5.1/../../../../pic32mx/lib\libc.a(default-on-bootstrap.o)
 .comment       0x00000000       0x52 c:/program files (x86)/microchip/mplab c32 suite/bin/../lib/gcc/pic32mx/4.5.1/../../../../pic32mx/lib\libc.a(fflush.o)
 .comment       0x00000000       0x52 c:/program files (x86)/microchip/mplab c32 suite/bin/../lib/gcc/pic32mx/4.5.1/../../../../pic32mx/lib\libc.a(_fputc_simple.o)
 .comment       0x00000000       0x52 c:/program files (x86)/microchip/mplab c32 suite/bin/../lib/gcc/pic32mx/4.5.1/../../../../pic32mx/lib\libc.a(fseek.o)
 .comment       0x00000000       0x52 c:/program files (x86)/microchip/mplab c32 suite/bin/../lib/gcc/pic32mx/4.5.1/../../../../pic32mx/lib\libc.a(doprnt_cdnopsuxX.eo)
 .comment       0x00000000       0x52 c:/program files (x86)/microchip/mplab c32 suite/bin/../lib/gcc/pic32mx/4.5.1/../../../../pic32mx/lib\libc.a(write.o)
 .comment       0x00000000       0x52 c:/program files (x86)/microchip/mplab c32 suite/bin/../lib/gcc/pic32mx/4.5.1/../../../../pic32mx/lib\libc.a(lseek.o)
 .comment       0x00000000       0x52 c:/program files (x86)/microchip/mplab c32 suite/bin/../lib/gcc/pic32mx/4.5.1/../../../../pic32mx/lib\libc.a(_flsbuf_simple.o)
 .comment       0x000001f3       0x51 c:/program files (x86)/microchip/mplab c32 suite/bin/../lib/gcc/pic32mx/4.5.1/../../../../pic32mx/lib\libmchp_peripheral_32MX695F512H.a(soft_reset_lib.o)
                                 0x52 (size before relaxing)
 .comment       0x00000000       0x52 c:/program files (x86)/microchip/mplab c32 suite/bin/../lib/gcc/pic32mx/4.5.1/../../../../pic32mx/lib\libmchp_peripheral_32MX695F512H.a(pcache.o)
 .comment       0x00000000       0x52 c:/program files (x86)/microchip/mplab c32 suite/bin/../lib/gcc/pic32mx/4.5.1/../../../../pic32mx/lib\libmchp_peripheral_32MX695F512H.a(int_disable_interrupts_lib.o)
 .comment       0x00000000       0x52 c:/program files (x86)/microchip/mplab c32 suite/bin/../lib/gcc/pic32mx/4.5.1/../../../../pic32mx/lib\libmchp_peripheral_32MX695F512H.a(int_restore_interrupts_lib.o)
 .comment       0x00000000       0x52 c:/program files (x86)/microchip/mplab c32 suite/bin/../lib/gcc/pic32mx/4.5.1/../../../../pic32mx/lib\libmchp_peripheral_32MX695F512H.a(int_enable_mv_int_lib.o)
 .comment       0x00000000       0x52 c:/program files (x86)/microchip/mplab c32 suite/bin/../lib/gcc/pic32mx/4.5.1/../../../../pic32mx/lib\libmchp_peripheral_32MX695F512H.a(uart_lib.o)
 .comment       0x00000000       0x52 c:/program files (x86)/microchip/mplab c32 suite/bin/../lib/gcc/pic32mx/4.5.1/../../../../pic32mx/lib\libmchp_peripheral_32MX695F512H.a(int_enable_interrupts_lib.o)
 .comment       0x00000000       0x52 c:/program files (x86)/microchip/mplab c32 suite/bin/../lib/gcc/pic32mx/4.5.1\libgcc.a(_umoddi3.o)

.debug
 *(.debug)

.line
 *(.line)

.debug_srcinfo
 *(.debug_srcinfo)

.debug_sfnames
 *(.debug_sfnames)

.debug_aranges  0x00000000      0x870
 *(.debug_aranges)
 .debug_aranges
                0x00000000       0x20 build/default/debug/_ext/1954962658/ARP.o
 .debug_aranges
                0x00000020       0x20 build/default/debug/_ext/1954962658/Announce.o
 .debug_aranges
                0x00000040       0x20 build/default/debug/_ext/1954962658/DHCP.o
 .debug_aranges
                0x00000060       0x20 build/default/debug/_ext/1954962658/DHCPs.o
 .debug_aranges
                0x00000080       0x20 build/default/debug/_ext/1954962658/DNSs.o
 .debug_aranges
                0x000000a0       0x20 build/default/debug/_ext/1954962658/Delay.o
 .debug_aranges
                0x000000c0       0x20 build/default/debug/_ext/1954962658/HTTP2.o
 .debug_aranges
                0x000000e0       0x20 build/default/debug/_ext/1954962658/Helpers.o
 .debug_aranges
                0x00000100       0x20 build/default/debug/_ext/1954962658/ICMP.o
 .debug_aranges
                0x00000120       0x20 build/default/debug/_ext/1954962658/IP.o
 .debug_aranges
                0x00000140       0x20 build/default/debug/_ext/1954962658/MPFS2.o
 .debug_aranges
                0x00000160       0x20 build/default/debug/_ext/1954962658/NBNS.o
 .debug_aranges
                0x00000180       0x20 build/default/debug/_ext/1954962658/Reboot.o
 .debug_aranges
                0x000001a0       0x20 build/default/debug/_ext/1954962658/StackTsk.o
 .debug_aranges
                0x000001c0       0x20 build/default/debug/_ext/1954962658/TCP.o
 .debug_aranges
                0x000001e0       0x20 build/default/debug/_ext/1954962658/Tick.o
 .debug_aranges
                0x00000200       0x20 build/default/debug/_ext/1954962658/UDP.o
 .debug_aranges
                0x00000220       0x20 build/default/debug/_ext/1954962658/ZeroconfHelper.o
 .debug_aranges
                0x00000240       0x20 build/default/debug/_ext/1954962658/ZeroconfLinkLocal.o
 .debug_aranges
                0x00000260       0x20 build/default/debug/_ext/1954962658/ZeroconfMulticastDNS.o
 .debug_aranges
                0x00000280       0x20 build/default/debug/_ext/243675038/WFConnectionAlgorithm.o
 .debug_aranges
                0x000002a0       0x20 build/default/debug/_ext/243675038/WFConnectionManager.o
 .debug_aranges
                0x000002c0       0x20 build/default/debug/_ext/243675038/WFConnectionProfile.o
 .debug_aranges
                0x000002e0       0x20 build/default/debug/_ext/243675038/WFConsoleMsgHandler.o
 .debug_aranges
                0x00000300       0x20 build/default/debug/_ext/243675038/WFConsoleMsgs.o
 .debug_aranges
                0x00000320       0x20 build/default/debug/_ext/243675038/WFDriverCom.o
 .debug_aranges
                0x00000340       0x20 build/default/debug/_ext/243675038/WFDriverRaw.o
 .debug_aranges
                0x00000360       0x20 build/default/debug/_ext/243675038/WFEasyConfig.o
 .debug_aranges
                0x00000380       0x20 build/default/debug/_ext/243675038/WFEventHandler.o
 .debug_aranges
                0x000003a0       0x20 build/default/debug/_ext/243675038/WFInit.o
 .debug_aranges
                0x000003c0       0x20 build/default/debug/_ext/243675038/WFMac.o
 .debug_aranges
                0x000003e0       0x20 build/default/debug/_ext/243675038/WFMgmtMsg.o
 .debug_aranges
                0x00000400       0x20 build/default/debug/_ext/243675038/WFParamMsg.o
 .debug_aranges
                0x00000420       0x20 build/default/debug/_ext/243675038/WFPowerSave.o
 .debug_aranges
                0x00000440       0x20 build/default/debug/_ext/243675038/WFScan.o
 .debug_aranges
                0x00000460       0x20 build/default/debug/_ext/243675038/WFTxPower.o
 .debug_aranges
                0x00000480       0x20 build/default/debug/_ext/243675038/WF_Eint.o
 .debug_aranges
                0x000004a0       0x20 build/default/debug/_ext/243675038/WF_Spi.o
 .debug_aranges
                0x000004c0       0x20 build/default/debug/_ext/1472/CustomHTTPApp.o
 .debug_aranges
                0x000004e0       0x20 build/default/debug/_ext/1472/MainDemo.o
 .debug_aranges
                0x00000500       0x20 build/default/debug/_ext/1472/WF_Config.o
 .debug_aranges
                0x00000520       0x20 c:/program files (x86)/microchip/mplab c32 suite/bin/../lib/gcc/pic32mx/4.5.1\libgcc.a(_udivdi3.o)
 .debug_aranges
                0x00000540       0x20 c:/program files (x86)/microchip/mplab c32 suite/bin/../lib/gcc/pic32mx/4.5.1/../../../../pic32mx/lib\libc.a(fwrite.o)
 .debug_aranges
                0x00000560       0x20 c:/program files (x86)/microchip/mplab c32 suite/bin/../lib/gcc/pic32mx/4.5.1/../../../../pic32mx/lib\libc.a(atol.o)
 .debug_aranges
                0x00000580       0x28 c:/program files (x86)/microchip/mplab c32 suite/bin/../lib/gcc/pic32mx/4.5.1/../../../../pic32mx/lib\libc.a(puts.o)
 .debug_aranges
                0x000005a8       0x20 c:/program files (x86)/microchip/mplab c32 suite/bin/../lib/gcc/pic32mx/4.5.1/../../../../pic32mx/lib\libc.a(printf_cdnopsuxX.eo)
 .debug_aranges
                0x000005c8       0x20 c:/program files (x86)/microchip/mplab c32 suite/bin/../lib/gcc/pic32mx/4.5.1/../../../../pic32mx/lib\libc.a(sprintf_cdnopsuxX.eo)
 .debug_aranges
                0x000005e8       0x20 c:/program files (x86)/microchip/mplab c32 suite/bin/../lib/gcc/pic32mx/4.5.1/../../../../pic32mx/lib\libc.a(default-bootstrap-exception-handler.o)
 .debug_aranges
                0x00000608       0x20 c:/program files (x86)/microchip/mplab c32 suite/bin/../lib/gcc/pic32mx/4.5.1/../../../../pic32mx/lib\libc.a(default-on-reset.o)
 .debug_aranges
                0x00000628       0x20 c:/program files (x86)/microchip/mplab c32 suite/bin/../lib/gcc/pic32mx/4.5.1/../../../../pic32mx/lib\libc.a(default-on-bootstrap.o)
 .debug_aranges
                0x00000648       0x20 c:/program files (x86)/microchip/mplab c32 suite/bin/../lib/gcc/pic32mx/4.5.1/../../../../pic32mx/lib\libc.a(fflush.o)
 .debug_aranges
                0x00000668       0x20 c:/program files (x86)/microchip/mplab c32 suite/bin/../lib/gcc/pic32mx/4.5.1/../../../../pic32mx/lib\libc.a(_fputc_simple.o)
 .debug_aranges
                0x00000688       0x28 c:/program files (x86)/microchip/mplab c32 suite/bin/../lib/gcc/pic32mx/4.5.1/../../../../pic32mx/lib\libc.a(fseek.o)
 .debug_aranges
                0x000006b0       0x20 c:/program files (x86)/microchip/mplab c32 suite/bin/../lib/gcc/pic32mx/4.5.1/../../../../pic32mx/lib\libc.a(doprnt_cdnopsuxX.eo)
 .debug_aranges
                0x000006d0       0x20 c:/program files (x86)/microchip/mplab c32 suite/bin/../lib/gcc/pic32mx/4.5.1/../../../../pic32mx/lib\libc.a(write.o)
 .debug_aranges
                0x000006f0       0x20 c:/program files (x86)/microchip/mplab c32 suite/bin/../lib/gcc/pic32mx/4.5.1/../../../../pic32mx/lib\libc.a(lseek.o)
 .debug_aranges
                0x00000710       0x20 c:/program files (x86)/microchip/mplab c32 suite/bin/../lib/gcc/pic32mx/4.5.1/../../../../pic32mx/lib\libc.a(_flsbuf_simple.o)
 .debug_aranges
                0x00000730       0x20 c:/program files (x86)/microchip/mplab c32 suite/bin/../lib/gcc/pic32mx/4.5.1/../../../../pic32mx/lib\libmchp_peripheral_32MX695F512H.a(soft_reset_lib.o)
 .debug_aranges
                0x00000750       0x28 c:/program files (x86)/microchip/mplab c32 suite/bin/../lib/gcc/pic32mx/4.5.1/../../../../pic32mx/lib\libmchp_peripheral_32MX695F512H.a(pcache.o)
 .debug_aranges
                0x00000778       0x20 c:/program files (x86)/microchip/mplab c32 suite/bin/../lib/gcc/pic32mx/4.5.1/../../../../pic32mx/lib\libmchp_peripheral_32MX695F512H.a(int_disable_interrupts_lib.o)
 .debug_aranges
                0x00000798       0x20 c:/program files (x86)/microchip/mplab c32 suite/bin/../lib/gcc/pic32mx/4.5.1/../../../../pic32mx/lib\libmchp_peripheral_32MX695F512H.a(int_restore_interrupts_lib.o)
 .debug_aranges
                0x000007b8       0x20 c:/program files (x86)/microchip/mplab c32 suite/bin/../lib/gcc/pic32mx/4.5.1/../../../../pic32mx/lib\libmchp_peripheral_32MX695F512H.a(int_enable_mv_int_lib.o)
 .debug_aranges
                0x000007d8       0x58 c:/program files (x86)/microchip/mplab c32 suite/bin/../lib/gcc/pic32mx/4.5.1/../../../../pic32mx/lib\libmchp_peripheral_32MX695F512H.a(uart_lib.o)
 .debug_aranges
                0x00000830       0x20 c:/program files (x86)/microchip/mplab c32 suite/bin/../lib/gcc/pic32mx/4.5.1/../../../../pic32mx/lib\libmchp_peripheral_32MX695F512H.a(int_enable_interrupts_lib.o)
 .debug_aranges
                0x00000850       0x20 c:/program files (x86)/microchip/mplab c32 suite/bin/../lib/gcc/pic32mx/4.5.1\libgcc.a(_umoddi3.o)

.debug_pubnames
                0x00000000     0x2393
 *(.debug_pubnames)
 .debug_pubnames
                0x00000000       0xb7 build/default/debug/_ext/1954962658/ARP.o
 .debug_pubnames
                0x000000b7       0x33 build/default/debug/_ext/1954962658/Announce.o
 .debug_pubnames
                0x000000ea       0xb9 build/default/debug/_ext/1954962658/DHCP.o
 .debug_pubnames
                0x000001a3       0x3c build/default/debug/_ext/1954962658/DHCPs.o
 .debug_pubnames
                0x000001df       0x24 build/default/debug/_ext/1954962658/DNSs.o
 .debug_pubnames
                0x00000203       0x2c build/default/debug/_ext/1954962658/Delay.o
 .debug_pubnames
                0x0000022f       0xcf build/default/debug/_ext/1954962658/HTTP2.o
 .debug_pubnames
                0x000002fe      0x115 build/default/debug/_ext/1954962658/Helpers.o
 .debug_pubnames
                0x00000413       0x22 build/default/debug/_ext/1954962658/ICMP.o
 .debug_pubnames
                0x00000435       0x44 build/default/debug/_ext/1954962658/IP.o
 .debug_pubnames
                0x00000479      0x140 build/default/debug/_ext/1954962658/MPFS2.o
 .debug_pubnames
                0x000005b9       0x1f build/default/debug/_ext/1954962658/NBNS.o
 .debug_pubnames
                0x000005d8       0x21 build/default/debug/_ext/1954962658/Reboot.o
 .debug_pubnames
                0x000005f9       0x53 build/default/debug/_ext/1954962658/StackTsk.o
 .debug_pubnames
                0x0000064c      0x1ba build/default/debug/_ext/1954962658/TCP.o
 .debug_pubnames
                0x00000806       0x7e build/default/debug/_ext/1954962658/Tick.o
 .debug_pubnames
                0x00000884      0x155 build/default/debug/_ext/1954962658/UDP.o
 .debug_pubnames
                0x000009d9       0x3b build/default/debug/_ext/1954962658/ZeroconfHelper.o
 .debug_pubnames
                0x00000a14       0xc6 build/default/debug/_ext/1954962658/ZeroconfLinkLocal.o
 .debug_pubnames
                0x00000ada      0x160 build/default/debug/_ext/1954962658/ZeroconfMulticastDNS.o
 .debug_pubnames
                0x00000c3a      0x34f build/default/debug/_ext/243675038/WFConnectionAlgorithm.o
 .debug_pubnames
                0x00000f89       0x83 build/default/debug/_ext/243675038/WFConnectionManager.o
 .debug_pubnames
                0x0000100c      0x17e build/default/debug/_ext/243675038/WFConnectionProfile.o
 .debug_pubnames
                0x0000118a       0x2f build/default/debug/_ext/243675038/WFConsoleMsgHandler.o
 .debug_pubnames
                0x000011b9       0xd5 build/default/debug/_ext/243675038/WFConsoleMsgs.o
 .debug_pubnames
                0x0000128e       0xd7 build/default/debug/_ext/243675038/WFDriverCom.o
 .debug_pubnames
                0x00001365      0x1c8 build/default/debug/_ext/243675038/WFDriverRaw.o
 .debug_pubnames
                0x0000152d       0xac build/default/debug/_ext/243675038/WFEasyConfig.o
 .debug_pubnames
                0x000015d9       0x2f build/default/debug/_ext/243675038/WFEventHandler.o
 .debug_pubnames
                0x00001608       0x1e build/default/debug/_ext/243675038/WFInit.o
 .debug_pubnames
                0x00001626      0x228 build/default/debug/_ext/243675038/WFMac.o
 .debug_pubnames
                0x0000184e       0xc9 build/default/debug/_ext/243675038/WFMgmtMsg.o
 .debug_pubnames
                0x00001917      0x184 build/default/debug/_ext/243675038/WFParamMsg.o
 .debug_pubnames
                0x00001a9b       0xc6 build/default/debug/_ext/243675038/WFPowerSave.o
 .debug_pubnames
                0x00001b61       0x33 build/default/debug/_ext/243675038/WFScan.o
 .debug_pubnames
                0x00001b94       0x5e build/default/debug/_ext/243675038/WFTxPower.o
 .debug_pubnames
                0x00001bf2       0x83 build/default/debug/_ext/243675038/WF_Eint.o
 .debug_pubnames
                0x00001c75       0x66 build/default/debug/_ext/243675038/WF_Spi.o
 .debug_pubnames
                0x00001cdb      0x169 build/default/debug/_ext/1472/CustomHTTPApp.o
 .debug_pubnames
                0x00001e44       0x21 build/default/debug/_ext/1472/MPFSImg2.o
 .debug_pubnames
                0x00001e65       0xbd build/default/debug/_ext/1472/MainDemo.o
 .debug_pubnames
                0x00001f22       0x6b build/default/debug/_ext/1472/WF_Config.o
 .debug_pubnames
                0x00001f8d       0x20 c:/program files (x86)/microchip/mplab c32 suite/bin/../lib/gcc/pic32mx/4.5.1\libgcc.a(_udivdi3.o)
 .debug_pubnames
                0x00001fad       0x1d c:/program files (x86)/microchip/mplab c32 suite/bin/../lib/gcc/pic32mx/4.5.1/../../../../pic32mx/lib\libc.a(fwrite.o)
 .debug_pubnames
                0x00001fca       0x1b c:/program files (x86)/microchip/mplab c32 suite/bin/../lib/gcc/pic32mx/4.5.1/../../../../pic32mx/lib\libc.a(atol.o)
 .debug_pubnames
                0x00001fe5       0x25 c:/program files (x86)/microchip/mplab c32 suite/bin/../lib/gcc/pic32mx/4.5.1/../../../../pic32mx/lib\libc.a(puts.o)
 .debug_pubnames
                0x0000200a       0x28 c:/program files (x86)/microchip/mplab c32 suite/bin/../lib/gcc/pic32mx/4.5.1/../../../../pic32mx/lib\libc.a(printf_cdnopsuxX.eo)
 .debug_pubnames
                0x00002032       0x29 c:/program files (x86)/microchip/mplab c32 suite/bin/../lib/gcc/pic32mx/4.5.1/../../../../pic32mx/lib\libc.a(sprintf_cdnopsuxX.eo)
 .debug_pubnames
                0x0000205b       0x33 c:/program files (x86)/microchip/mplab c32 suite/bin/../lib/gcc/pic32mx/4.5.1/../../../../pic32mx/lib\libc.a(default-bootstrap-exception-handler.o)
 .debug_pubnames
                0x0000208e       0x20 c:/program files (x86)/microchip/mplab c32 suite/bin/../lib/gcc/pic32mx/4.5.1/../../../../pic32mx/lib\libc.a(default-on-reset.o)
 .debug_pubnames
                0x000020ae       0x24 c:/program files (x86)/microchip/mplab c32 suite/bin/../lib/gcc/pic32mx/4.5.1/../../../../pic32mx/lib\libc.a(default-on-bootstrap.o)
 .debug_pubnames
                0x000020d2       0x1d c:/program files (x86)/microchip/mplab c32 suite/bin/../lib/gcc/pic32mx/4.5.1/../../../../pic32mx/lib\libc.a(fflush.o)
 .debug_pubnames
                0x000020ef       0x1c c:/program files (x86)/microchip/mplab c32 suite/bin/../lib/gcc/pic32mx/4.5.1/../../../../pic32mx/lib\libc.a(_fputc_simple.o)
 .debug_pubnames
                0x0000210b       0x26 c:/program files (x86)/microchip/mplab c32 suite/bin/../lib/gcc/pic32mx/4.5.1/../../../../pic32mx/lib\libc.a(fseek.o)
 .debug_pubnames
                0x00002131       0x2a c:/program files (x86)/microchip/mplab c32 suite/bin/../lib/gcc/pic32mx/4.5.1/../../../../pic32mx/lib\libc.a(doprnt_cdnopsuxX.eo)
 .debug_pubnames
                0x0000215b       0x1c c:/program files (x86)/microchip/mplab c32 suite/bin/../lib/gcc/pic32mx/4.5.1/../../../../pic32mx/lib\libc.a(write.o)
 .debug_pubnames
                0x00002177       0x1c c:/program files (x86)/microchip/mplab c32 suite/bin/../lib/gcc/pic32mx/4.5.1/../../../../pic32mx/lib\libc.a(lseek.o)
 .debug_pubnames
                0x00002193       0x1e c:/program files (x86)/microchip/mplab c32 suite/bin/../lib/gcc/pic32mx/4.5.1/../../../../pic32mx/lib\libc.a(_flsbuf_simple.o)
 .debug_pubnames
                0x000021b1       0x20 c:/program files (x86)/microchip/mplab c32 suite/bin/../lib/gcc/pic32mx/4.5.1/../../../../pic32mx/lib\libmchp_peripheral_32MX695F512H.a(soft_reset_lib.o)
 .debug_pubnames
                0x000021d1       0x3b c:/program files (x86)/microchip/mplab c32 suite/bin/../lib/gcc/pic32mx/4.5.1/../../../../pic32mx/lib\libmchp_peripheral_32MX695F512H.a(pcache.o)
 .debug_pubnames
                0x0000220c       0x2b c:/program files (x86)/microchip/mplab c32 suite/bin/../lib/gcc/pic32mx/4.5.1/../../../../pic32mx/lib\libmchp_peripheral_32MX695F512H.a(int_disable_interrupts_lib.o)
 .debug_pubnames
                0x00002237       0x2b c:/program files (x86)/microchip/mplab c32 suite/bin/../lib/gcc/pic32mx/4.5.1/../../../../pic32mx/lib\libmchp_peripheral_32MX695F512H.a(int_restore_interrupts_lib.o)
 .debug_pubnames
                0x00002262       0x36 c:/program files (x86)/microchip/mplab c32 suite/bin/../lib/gcc/pic32mx/4.5.1/../../../../pic32mx/lib\libmchp_peripheral_32MX695F512H.a(int_enable_mv_int_lib.o)
 .debug_pubnames
                0x00002298       0xb1 c:/program files (x86)/microchip/mplab c32 suite/bin/../lib/gcc/pic32mx/4.5.1/../../../../pic32mx/lib\libmchp_peripheral_32MX695F512H.a(uart_lib.o)
 .debug_pubnames
                0x00002349       0x2a c:/program files (x86)/microchip/mplab c32 suite/bin/../lib/gcc/pic32mx/4.5.1/../../../../pic32mx/lib\libmchp_peripheral_32MX695F512H.a(int_enable_interrupts_lib.o)
 .debug_pubnames
                0x00002373       0x20 c:/program files (x86)/microchip/mplab c32 suite/bin/../lib/gcc/pic32mx/4.5.1\libgcc.a(_umoddi3.o)

.debug_info     0x00000000    0x70667
 *(.debug_info .gnu.linkonce.wi.*)
 .debug_info    0x00000000     0x1194 build/default/debug/_ext/1954962658/ARCFOUR.o
 .debug_info    0x00001194     0x1de5 build/default/debug/_ext/1954962658/ARP.o
 .debug_info    0x00002f79     0x1b80 build/default/debug/_ext/1954962658/Announce.o
 .debug_info    0x00004af9     0x1193 build/default/debug/_ext/1954962658/AutoIP.o
 .debug_info    0x00005c8c     0x1198 build/default/debug/_ext/1954962658/BerkeleyAPI.o
 .debug_info    0x00006e24     0x1193 build/default/debug/_ext/1954962658/BigInt.o
 .debug_info    0x00007fb7     0x2126 build/default/debug/_ext/1954962658/DHCP.o
 .debug_info    0x0000a0dd     0x1dce build/default/debug/_ext/1954962658/DHCPs.o
 .debug_info    0x0000beab     0x1190 build/default/debug/_ext/1954962658/DNS.o
 .debug_info    0x0000d03b     0x198d build/default/debug/_ext/1954962658/DNSs.o
 .debug_info    0x0000e9c8     0x122b build/default/debug/_ext/1954962658/Delay.o
 .debug_info    0x0000fbf3     0x1193 build/default/debug/_ext/1954962658/DynDNS.o
 .debug_info    0x00010d86     0x1190 build/default/debug/_ext/1954962658/FTP.o
 .debug_info    0x00011f16     0x22c7 build/default/debug/_ext/1954962658/HTTP2.o
 .debug_info    0x000141dd     0x1193 build/default/debug/_ext/1954962658/Hashes.o
 .debug_info    0x00015370     0x24c5 build/default/debug/_ext/1954962658/Helpers.o
 .debug_info    0x00017835     0x1789 build/default/debug/_ext/1954962658/ICMP.o
 .debug_info    0x00018fbe     0x1bd0 build/default/debug/_ext/1954962658/IP.o
 .debug_info    0x0001ab8e     0x1198 build/default/debug/_ext/1954962658/LCDBlocking.o
 .debug_info    0x0001bd26     0x1971 build/default/debug/_ext/1954962658/MPFS2.o
 .debug_info    0x0001d697     0x1cb9 build/default/debug/_ext/1954962658/NBNS.o
 .debug_info    0x0001f350     0x1190 build/default/debug/_ext/1954962658/RSA.o
 .debug_info    0x000204e0     0x1193 build/default/debug/_ext/1954962658/Random.o
 .debug_info    0x00021673     0x1a7c build/default/debug/_ext/1954962658/Reboot.o
 .debug_info    0x000230ef     0x1191 build/default/debug/_ext/1954962658/SMTP.o
 .debug_info    0x00024280     0x1191 build/default/debug/_ext/1954962658/SNMP.o
 .debug_info    0x00025411     0x1191 build/default/debug/_ext/1954962658/SNTP.o
 .debug_info    0x000265a2     0x1196 build/default/debug/_ext/1954962658/SPIEEPROM.o
 .debug_info    0x00027738     0x1195 build/default/debug/_ext/1954962658/SPIFlash.o
 .debug_info    0x000288cd     0x1193 build/default/debug/_ext/1954962658/SPIRAM.o
 .debug_info    0x00029a60     0x1190 build/default/debug/_ext/1954962658/SSL.o
 .debug_info    0x0002abf0     0x1a5b build/default/debug/_ext/1954962658/StackTsk.o
 .debug_info    0x0002c64b     0x3204 build/default/debug/_ext/1954962658/TCP.o
 .debug_info    0x0002f84f     0x119f build/default/debug/_ext/1954962658/TCPPerformanceTest.o
 .debug_info    0x000309ee     0x1192 build/default/debug/_ext/1954962658/TFTPc.o
 .debug_info    0x00031b80     0x1193 build/default/debug/_ext/1954962658/Telnet.o
 .debug_info    0x00032d13     0x1ae5 build/default/debug/_ext/1954962658/Tick.o
 .debug_info    0x000347f8     0x1191 build/default/debug/_ext/1954962658/UART.o
 .debug_info    0x00035989     0x119b build/default/debug/_ext/1954962658/UART2TCPBridge.o
 .debug_info    0x00036b24     0x21e1 build/default/debug/_ext/1954962658/UDP.o
 .debug_info    0x00038d05     0x119f build/default/debug/_ext/1954962658/UDPPerformanceTest.o
 .debug_info    0x00039ea4     0x125b build/default/debug/_ext/1954962658/ZeroconfHelper.o
 .debug_info    0x0003b0ff     0x1fce build/default/debug/_ext/1954962658/ZeroconfLinkLocal.o
 .debug_info    0x0003d0cd     0x3381 build/default/debug/_ext/1954962658/ZeroconfMulticastDNS.o
 .debug_info    0x0004044e     0x25f7 build/default/debug/_ext/243675038/WFConnectionAlgorithm.o
 .debug_info    0x00042a45     0x17ec build/default/debug/_ext/243675038/WFConnectionManager.o
 .debug_info    0x00044231     0x2228 build/default/debug/_ext/243675038/WFConnectionProfile.o
 .debug_info    0x00046459     0x119b build/default/debug/_ext/243675038/WFConsole.o
 .debug_info    0x000475f4     0x11a3 build/default/debug/_ext/243675038/WFConsoleIfconfig.o
 .debug_info    0x00048797     0x11a3 build/default/debug/_ext/243675038/WFConsoleIwconfig.o
 .debug_info    0x0004993a     0x11a1 build/default/debug/_ext/243675038/WFConsoleIwpriv.o
 .debug_info    0x0004aadb     0x12d1 build/default/debug/_ext/243675038/WFConsoleMsgHandler.o
 .debug_info    0x0004bdac     0x15b7 build/default/debug/_ext/243675038/WFConsoleMsgs.o
 .debug_info    0x0004d363     0x1f6d build/default/debug/_ext/243675038/WFDriverCom.o
 .debug_info    0x0004f2d0     0x1c91 build/default/debug/_ext/243675038/WFDriverRaw.o
 .debug_info    0x00050f61     0x17b6 build/default/debug/_ext/243675038/WFEasyConfig.o
 .debug_info    0x00052717     0x1746 build/default/debug/_ext/243675038/WFEventHandler.o
 .debug_info    0x00053e5d     0x1b80 build/default/debug/_ext/243675038/WFInit.o
 .debug_info    0x000559dd     0x212d build/default/debug/_ext/243675038/WFMac.o
 .debug_info    0x00057b0a     0x181c build/default/debug/_ext/243675038/WFMgmtMsg.o
 .debug_info    0x00059326     0x22e2 build/default/debug/_ext/243675038/WFParamMsg.o
 .debug_info    0x0005b608     0x1b79 build/default/debug/_ext/243675038/WFPowerSave.o
 .debug_info    0x0005d181     0x1758 build/default/debug/_ext/243675038/WFScan.o
 .debug_info    0x0005e8d9     0x18b2 build/default/debug/_ext/243675038/WFTxPower.o
 .debug_info    0x0006018b     0x2030 build/default/debug/_ext/243675038/WF_Eint.o
 .debug_info    0x000621bb     0x1bda build/default/debug/_ext/243675038/WF_Spi.o
 .debug_info    0x00063d95     0x2ae8 build/default/debug/_ext/1472/CustomHTTPApp.o
 .debug_info    0x0006687d     0x11b6 build/default/debug/_ext/1472/MPFSImg2.o
 .debug_info    0x00067a33     0x367d build/default/debug/_ext/1472/MainDemo.o
 .debug_info    0x0006b0b0     0x219b build/default/debug/_ext/1472/WF_Config.o
 .debug_info    0x0006d24b     0x1179 build/default/debug/_ext/1472/IperfApp.o
 .debug_info    0x0006e3c4      0x783 c:/program files (x86)/microchip/mplab c32 suite/bin/../lib/gcc/pic32mx/4.5.1\libgcc.a(_udivdi3.o)
 .debug_info    0x0006eb47        0x0 c:/program files (x86)/microchip/mplab c32 suite/bin/../lib/gcc/pic32mx/4.5.1/../../../../pic32mx/lib\libc.a(_iob.o)
 .debug_info    0x0006eb47       0xd1 c:/program files (x86)/microchip/mplab c32 suite/bin/../lib/gcc/pic32mx/4.5.1/../../../../pic32mx/lib\libc.a(fwrite.o)
 .debug_info    0x0006ec18       0xcd c:/program files (x86)/microchip/mplab c32 suite/bin/../lib/gcc/pic32mx/4.5.1/../../../../pic32mx/lib\libc.a(atol.o)
 .debug_info    0x0006ece5        0x0 c:/program files (x86)/microchip/mplab c32 suite/bin/../lib/gcc/pic32mx/4.5.1/../../../../pic32mx/lib\libc.a(ctype.o)
 .debug_info    0x0006ece5       0xe1 c:/program files (x86)/microchip/mplab c32 suite/bin/../lib/gcc/pic32mx/4.5.1/../../../../pic32mx/lib\libc.a(puts.o)
 .debug_info    0x0006edc6       0xe3 c:/program files (x86)/microchip/mplab c32 suite/bin/../lib/gcc/pic32mx/4.5.1/../../../../pic32mx/lib\libc.a(printf_cdnopsuxX.eo)
 .debug_info    0x0006eea9       0xe5 c:/program files (x86)/microchip/mplab c32 suite/bin/../lib/gcc/pic32mx/4.5.1/../../../../pic32mx/lib\libc.a(sprintf_cdnopsuxX.eo)
 .debug_info    0x0006ef8e      0x106 c:/program files (x86)/microchip/mplab c32 suite/bin/../lib/gcc/pic32mx/4.5.1/../../../../pic32mx/lib\libc.a(default-bootstrap-exception-handler.o)
 .debug_info    0x0006f094       0xe0 c:/program files (x86)/microchip/mplab c32 suite/bin/../lib/gcc/pic32mx/4.5.1/../../../../pic32mx/lib\libc.a(default-on-reset.o)
 .debug_info    0x0006f174       0xe8 c:/program files (x86)/microchip/mplab c32 suite/bin/../lib/gcc/pic32mx/4.5.1/../../../../pic32mx/lib\libc.a(default-on-bootstrap.o)
 .debug_info    0x0006f25c       0xd1 c:/program files (x86)/microchip/mplab c32 suite/bin/../lib/gcc/pic32mx/4.5.1/../../../../pic32mx/lib\libc.a(fflush.o)
 .debug_info    0x0006f32d       0xd6 c:/program files (x86)/microchip/mplab c32 suite/bin/../lib/gcc/pic32mx/4.5.1/../../../../pic32mx/lib\libc.a(_fputc_simple.o)
 .debug_info    0x0006f403       0xee c:/program files (x86)/microchip/mplab c32 suite/bin/../lib/gcc/pic32mx/4.5.1/../../../../pic32mx/lib\libc.a(fseek.o)
 .debug_info    0x0006f4f1       0xe6 c:/program files (x86)/microchip/mplab c32 suite/bin/../lib/gcc/pic32mx/4.5.1/../../../../pic32mx/lib\libc.a(doprnt_cdnopsuxX.eo)
 .debug_info    0x0006f5d7       0xd1 c:/program files (x86)/microchip/mplab c32 suite/bin/../lib/gcc/pic32mx/4.5.1/../../../../pic32mx/lib\libc.a(write.o)
 .debug_info    0x0006f6a8       0xd1 c:/program files (x86)/microchip/mplab c32 suite/bin/../lib/gcc/pic32mx/4.5.1/../../../../pic32mx/lib\libc.a(lseek.o)
 .debug_info    0x0006f779       0xd9 c:/program files (x86)/microchip/mplab c32 suite/bin/../lib/gcc/pic32mx/4.5.1/../../../../pic32mx/lib\libc.a(_flsbuf_simple.o)
 .debug_info    0x0006f852       0xc7 c:/program files (x86)/microchip/mplab c32 suite/bin/../lib/gcc/pic32mx/4.5.1/../../../../pic32mx/lib\libmchp_peripheral_32MX695F512H.a(soft_reset_lib.o)
 .debug_info    0x0006f919       0xd4 c:/program files (x86)/microchip/mplab c32 suite/bin/../lib/gcc/pic32mx/4.5.1/../../../../pic32mx/lib\libmchp_peripheral_32MX695F512H.a(pcache.o)
 .debug_info    0x0006f9ed       0xcb c:/program files (x86)/microchip/mplab c32 suite/bin/../lib/gcc/pic32mx/4.5.1/../../../../pic32mx/lib\libmchp_peripheral_32MX695F512H.a(int_disable_interrupts_lib.o)
 .debug_info    0x0006fab8       0xcb c:/program files (x86)/microchip/mplab c32 suite/bin/../lib/gcc/pic32mx/4.5.1/../../../../pic32mx/lib\libmchp_peripheral_32MX695F512H.a(int_restore_interrupts_lib.o)
 .debug_info    0x0006fb83       0xd1 c:/program files (x86)/microchip/mplab c32 suite/bin/../lib/gcc/pic32mx/4.5.1/../../../../pic32mx/lib\libmchp_peripheral_32MX695F512H.a(int_enable_mv_int_lib.o)
 .debug_info    0x0006fc54      0x18a c:/program files (x86)/microchip/mplab c32 suite/bin/../lib/gcc/pic32mx/4.5.1/../../../../pic32mx/lib\libmchp_peripheral_32MX695F512H.a(uart_lib.o)
 .debug_info    0x0006fdde       0xc9 c:/program files (x86)/microchip/mplab c32 suite/bin/../lib/gcc/pic32mx/4.5.1/../../../../pic32mx/lib\libmchp_peripheral_32MX695F512H.a(int_enable_interrupts_lib.o)
 .debug_info    0x0006fea7      0x7c0 c:/program files (x86)/microchip/mplab c32 suite/bin/../lib/gcc/pic32mx/4.5.1\libgcc.a(_umoddi3.o)

.debug_abbrev   0x00000000     0x8df6
 *(.debug_abbrev)
 .debug_abbrev  0x00000000      0x166 build/default/debug/_ext/1954962658/ARCFOUR.o
 .debug_abbrev  0x00000166      0x2bc build/default/debug/_ext/1954962658/ARP.o
 .debug_abbrev  0x00000422      0x1f0 build/default/debug/_ext/1954962658/Announce.o
 .debug_abbrev  0x00000612      0x166 build/default/debug/_ext/1954962658/AutoIP.o
 .debug_abbrev  0x00000778      0x166 build/default/debug/_ext/1954962658/BerkeleyAPI.o
 .debug_abbrev  0x000008de      0x166 build/default/debug/_ext/1954962658/BigInt.o
 .debug_abbrev  0x00000a44      0x299 build/default/debug/_ext/1954962658/DHCP.o
 .debug_abbrev  0x00000cdd      0x22e build/default/debug/_ext/1954962658/DHCPs.o
 .debug_abbrev  0x00000f0b      0x166 build/default/debug/_ext/1954962658/DNS.o
 .debug_abbrev  0x00001071      0x1c6 build/default/debug/_ext/1954962658/DNSs.o
 .debug_abbrev  0x00001237      0x19b build/default/debug/_ext/1954962658/Delay.o
 .debug_abbrev  0x000013d2      0x166 build/default/debug/_ext/1954962658/DynDNS.o
 .debug_abbrev  0x00001538      0x166 build/default/debug/_ext/1954962658/FTP.o
 .debug_abbrev  0x0000169e      0x2cc build/default/debug/_ext/1954962658/HTTP2.o
 .debug_abbrev  0x0000196a      0x166 build/default/debug/_ext/1954962658/Hashes.o
 .debug_abbrev  0x00001ad0      0x23e build/default/debug/_ext/1954962658/Helpers.o
 .debug_abbrev  0x00001d0e      0x1c0 build/default/debug/_ext/1954962658/ICMP.o
 .debug_abbrev  0x00001ece      0x242 build/default/debug/_ext/1954962658/IP.o
 .debug_abbrev  0x00002110      0x166 build/default/debug/_ext/1954962658/LCDBlocking.o
 .debug_abbrev  0x00002276      0x28e build/default/debug/_ext/1954962658/MPFS2.o
 .debug_abbrev  0x00002504      0x247 build/default/debug/_ext/1954962658/NBNS.o
 .debug_abbrev  0x0000274b      0x166 build/default/debug/_ext/1954962658/RSA.o
 .debug_abbrev  0x000028b1      0x166 build/default/debug/_ext/1954962658/Random.o
 .debug_abbrev  0x00002a17      0x1b1 build/default/debug/_ext/1954962658/Reboot.o
 .debug_abbrev  0x00002bc8      0x166 build/default/debug/_ext/1954962658/SMTP.o
 .debug_abbrev  0x00002d2e      0x166 build/default/debug/_ext/1954962658/SNMP.o
 .debug_abbrev  0x00002e94      0x166 build/default/debug/_ext/1954962658/SNTP.o
 .debug_abbrev  0x00002ffa      0x166 build/default/debug/_ext/1954962658/SPIEEPROM.o
 .debug_abbrev  0x00003160      0x166 build/default/debug/_ext/1954962658/SPIFlash.o
 .debug_abbrev  0x000032c6      0x166 build/default/debug/_ext/1954962658/SPIRAM.o
 .debug_abbrev  0x0000342c      0x166 build/default/debug/_ext/1954962658/SSL.o
 .debug_abbrev  0x00003592      0x21a build/default/debug/_ext/1954962658/StackTsk.o
 .debug_abbrev  0x000037ac      0x2cb build/default/debug/_ext/1954962658/TCP.o
 .debug_abbrev  0x00003a77      0x166 build/default/debug/_ext/1954962658/TCPPerformanceTest.o
 .debug_abbrev  0x00003bdd      0x166 build/default/debug/_ext/1954962658/TFTPc.o
 .debug_abbrev  0x00003d43      0x166 build/default/debug/_ext/1954962658/Telnet.o
 .debug_abbrev  0x00003ea9      0x214 build/default/debug/_ext/1954962658/Tick.o
 .debug_abbrev  0x000040bd      0x166 build/default/debug/_ext/1954962658/UART.o
 .debug_abbrev  0x00004223      0x166 build/default/debug/_ext/1954962658/UART2TCPBridge.o
 .debug_abbrev  0x00004389      0x2d2 build/default/debug/_ext/1954962658/UDP.o
 .debug_abbrev  0x0000465b      0x166 build/default/debug/_ext/1954962658/UDPPerformanceTest.o
 .debug_abbrev  0x000047c1      0x19f build/default/debug/_ext/1954962658/ZeroconfHelper.o
 .debug_abbrev  0x00004960      0x2c2 build/default/debug/_ext/1954962658/ZeroconfLinkLocal.o
 .debug_abbrev  0x00004c22      0x317 build/default/debug/_ext/1954962658/ZeroconfMulticastDNS.o
 .debug_abbrev  0x00004f39      0x291 build/default/debug/_ext/243675038/WFConnectionAlgorithm.o
 .debug_abbrev  0x000051ca      0x222 build/default/debug/_ext/243675038/WFConnectionManager.o
 .debug_abbrev  0x000053ec      0x298 build/default/debug/_ext/243675038/WFConnectionProfile.o
 .debug_abbrev  0x00005684      0x166 build/default/debug/_ext/243675038/WFConsole.o
 .debug_abbrev  0x000057ea      0x166 build/default/debug/_ext/243675038/WFConsoleIfconfig.o
 .debug_abbrev  0x00005950      0x166 build/default/debug/_ext/243675038/WFConsoleIwconfig.o
 .debug_abbrev  0x00005ab6      0x166 build/default/debug/_ext/243675038/WFConsoleIwpriv.o
 .debug_abbrev  0x00005c1c      0x1be build/default/debug/_ext/243675038/WFConsoleMsgHandler.o
 .debug_abbrev  0x00005dda      0x1ef build/default/debug/_ext/243675038/WFConsoleMsgs.o
 .debug_abbrev  0x00005fc9      0x267 build/default/debug/_ext/243675038/WFDriverCom.o
 .debug_abbrev  0x00006230      0x2ab build/default/debug/_ext/243675038/WFDriverRaw.o
 .debug_abbrev  0x000064db      0x24a build/default/debug/_ext/243675038/WFEasyConfig.o
 .debug_abbrev  0x00006725      0x229 build/default/debug/_ext/243675038/WFEventHandler.o
 .debug_abbrev  0x0000694e      0x1da build/default/debug/_ext/243675038/WFInit.o
 .debug_abbrev  0x00006b28      0x2b8 build/default/debug/_ext/243675038/WFMac.o
 .debug_abbrev  0x00006de0      0x273 build/default/debug/_ext/243675038/WFMgmtMsg.o
 .debug_abbrev  0x00007053      0x256 build/default/debug/_ext/243675038/WFParamMsg.o
 .debug_abbrev  0x000072a9      0x279 build/default/debug/_ext/243675038/WFPowerSave.o
 .debug_abbrev  0x00007522      0x1c9 build/default/debug/_ext/243675038/WFScan.o
 .debug_abbrev  0x000076eb      0x1d6 build/default/debug/_ext/243675038/WFTxPower.o
 .debug_abbrev  0x000078c1      0x1aa build/default/debug/_ext/243675038/WF_Eint.o
 .debug_abbrev  0x00007a6b      0x217 build/default/debug/_ext/243675038/WF_Spi.o
 .debug_abbrev  0x00007c82      0x2bd build/default/debug/_ext/1472/CustomHTTPApp.o
 .debug_abbrev  0x00007f3f      0x180 build/default/debug/_ext/1472/MPFSImg2.o
 .debug_abbrev  0x000080bf      0x397 build/default/debug/_ext/1472/MainDemo.o
 .debug_abbrev  0x00008456      0x238 build/default/debug/_ext/1472/WF_Config.o
 .debug_abbrev  0x0000868e      0x166 build/default/debug/_ext/1472/IperfApp.o
 .debug_abbrev  0x000087f4      0x13d c:/program files (x86)/microchip/mplab c32 suite/bin/../lib/gcc/pic32mx/4.5.1\libgcc.a(_udivdi3.o)
 .debug_abbrev  0x00008931        0x1 c:/program files (x86)/microchip/mplab c32 suite/bin/../lib/gcc/pic32mx/4.5.1/../../../../pic32mx/lib\libc.a(_iob.o)
 .debug_abbrev  0x00008932       0x25 c:/program files (x86)/microchip/mplab c32 suite/bin/../lib/gcc/pic32mx/4.5.1/../../../../pic32mx/lib\libc.a(fwrite.o)
 .debug_abbrev  0x00008957       0x25 c:/program files (x86)/microchip/mplab c32 suite/bin/../lib/gcc/pic32mx/4.5.1/../../../../pic32mx/lib\libc.a(atol.o)
 .debug_abbrev  0x0000897c        0x1 c:/program files (x86)/microchip/mplab c32 suite/bin/../lib/gcc/pic32mx/4.5.1/../../../../pic32mx/lib\libc.a(ctype.o)
 .debug_abbrev  0x0000897d       0x25 c:/program files (x86)/microchip/mplab c32 suite/bin/../lib/gcc/pic32mx/4.5.1/../../../../pic32mx/lib\libc.a(puts.o)
 .debug_abbrev  0x000089a2       0x27 c:/program files (x86)/microchip/mplab c32 suite/bin/../lib/gcc/pic32mx/4.5.1/../../../../pic32mx/lib\libc.a(printf_cdnopsuxX.eo)
 .debug_abbrev  0x000089c9       0x27 c:/program files (x86)/microchip/mplab c32 suite/bin/../lib/gcc/pic32mx/4.5.1/../../../../pic32mx/lib\libc.a(sprintf_cdnopsuxX.eo)
 .debug_abbrev  0x000089f0       0x25 c:/program files (x86)/microchip/mplab c32 suite/bin/../lib/gcc/pic32mx/4.5.1/../../../../pic32mx/lib\libc.a(default-bootstrap-exception-handler.o)
 .debug_abbrev  0x00008a15       0x25 c:/program files (x86)/microchip/mplab c32 suite/bin/../lib/gcc/pic32mx/4.5.1/../../../../pic32mx/lib\libc.a(default-on-reset.o)
 .debug_abbrev  0x00008a3a       0x25 c:/program files (x86)/microchip/mplab c32 suite/bin/../lib/gcc/pic32mx/4.5.1/../../../../pic32mx/lib\libc.a(default-on-bootstrap.o)
 .debug_abbrev  0x00008a5f       0x25 c:/program files (x86)/microchip/mplab c32 suite/bin/../lib/gcc/pic32mx/4.5.1/../../../../pic32mx/lib\libc.a(fflush.o)
 .debug_abbrev  0x00008a84       0x27 c:/program files (x86)/microchip/mplab c32 suite/bin/../lib/gcc/pic32mx/4.5.1/../../../../pic32mx/lib\libc.a(_fputc_simple.o)
 .debug_abbrev  0x00008aab       0x32 c:/program files (x86)/microchip/mplab c32 suite/bin/../lib/gcc/pic32mx/4.5.1/../../../../pic32mx/lib\libc.a(fseek.o)
 .debug_abbrev  0x00008add       0x27 c:/program files (x86)/microchip/mplab c32 suite/bin/../lib/gcc/pic32mx/4.5.1/../../../../pic32mx/lib\libc.a(doprnt_cdnopsuxX.eo)
 .debug_abbrev  0x00008b04       0x25 c:/program files (x86)/microchip/mplab c32 suite/bin/../lib/gcc/pic32mx/4.5.1/../../../../pic32mx/lib\libc.a(write.o)
 .debug_abbrev  0x00008b29       0x25 c:/program files (x86)/microchip/mplab c32 suite/bin/../lib/gcc/pic32mx/4.5.1/../../../../pic32mx/lib\libc.a(lseek.o)
 .debug_abbrev  0x00008b4e       0x27 c:/program files (x86)/microchip/mplab c32 suite/bin/../lib/gcc/pic32mx/4.5.1/../../../../pic32mx/lib\libc.a(_flsbuf_simple.o)
 .debug_abbrev  0x00008b75       0x34 c:/program files (x86)/microchip/mplab c32 suite/bin/../lib/gcc/pic32mx/4.5.1/../../../../pic32mx/lib\libmchp_peripheral_32MX695F512H.a(soft_reset_lib.o)
 .debug_abbrev  0x00008ba9       0x25 c:/program files (x86)/microchip/mplab c32 suite/bin/../lib/gcc/pic32mx/4.5.1/../../../../pic32mx/lib\libmchp_peripheral_32MX695F512H.a(pcache.o)
 .debug_abbrev  0x00008bce       0x25 c:/program files (x86)/microchip/mplab c32 suite/bin/../lib/gcc/pic32mx/4.5.1/../../../../pic32mx/lib\libmchp_peripheral_32MX695F512H.a(int_disable_interrupts_lib.o)
 .debug_abbrev  0x00008bf3       0x25 c:/program files (x86)/microchip/mplab c32 suite/bin/../lib/gcc/pic32mx/4.5.1/../../../../pic32mx/lib\libmchp_peripheral_32MX695F512H.a(int_restore_interrupts_lib.o)
 .debug_abbrev  0x00008c18       0x25 c:/program files (x86)/microchip/mplab c32 suite/bin/../lib/gcc/pic32mx/4.5.1/../../../../pic32mx/lib\libmchp_peripheral_32MX695F512H.a(int_enable_mv_int_lib.o)
 .debug_abbrev  0x00008c3d       0x38 c:/program files (x86)/microchip/mplab c32 suite/bin/../lib/gcc/pic32mx/4.5.1/../../../../pic32mx/lib\libmchp_peripheral_32MX695F512H.a(uart_lib.o)
 .debug_abbrev  0x00008c75       0x25 c:/program files (x86)/microchip/mplab c32 suite/bin/../lib/gcc/pic32mx/4.5.1/../../../../pic32mx/lib\libmchp_peripheral_32MX695F512H.a(int_enable_interrupts_lib.o)
 .debug_abbrev  0x00008c9a      0x15c c:/program files (x86)/microchip/mplab c32 suite/bin/../lib/gcc/pic32mx/4.5.1\libgcc.a(_umoddi3.o)

.debug_line     0x00000000     0xacfa
 *(.debug_line)
 .debug_line    0x00000000      0x14e build/default/debug/_ext/1954962658/ARCFOUR.o
 .debug_line    0x0000014e      0x333 build/default/debug/_ext/1954962658/ARP.o
 .debug_line    0x00000481      0x232 build/default/debug/_ext/1954962658/Announce.o
 .debug_line    0x000006b3      0x14e build/default/debug/_ext/1954962658/AutoIP.o
 .debug_line    0x00000801      0x14e build/default/debug/_ext/1954962658/BerkeleyAPI.o
 .debug_line    0x0000094f      0x14e build/default/debug/_ext/1954962658/BigInt.o
 .debug_line    0x00000a9d      0x3de build/default/debug/_ext/1954962658/DHCP.o
 .debug_line    0x00000e7b      0x2ef build/default/debug/_ext/1954962658/DHCPs.o
 .debug_line    0x0000116a      0x14e build/default/debug/_ext/1954962658/DNS.o
 .debug_line    0x000012b8      0x21e build/default/debug/_ext/1954962658/DNSs.o
 .debug_line    0x000014d6      0x19c build/default/debug/_ext/1954962658/Delay.o
 .debug_line    0x00001672      0x14e build/default/debug/_ext/1954962658/DynDNS.o
 .debug_line    0x000017c0      0x14e build/default/debug/_ext/1954962658/FTP.o
 .debug_line    0x0000190e      0x560 build/default/debug/_ext/1954962658/HTTP2.o
 .debug_line    0x00001e6e      0x14e build/default/debug/_ext/1954962658/Hashes.o
 .debug_line    0x00001fbc      0x39e build/default/debug/_ext/1954962658/Helpers.o
 .debug_line    0x0000235a      0x1db build/default/debug/_ext/1954962658/ICMP.o
 .debug_line    0x00002535      0x21c build/default/debug/_ext/1954962658/IP.o
 .debug_line    0x00002751      0x14e build/default/debug/_ext/1954962658/LCDBlocking.o
 .debug_line    0x0000289f      0x389 build/default/debug/_ext/1954962658/MPFS2.o
 .debug_line    0x00002c28      0x265 build/default/debug/_ext/1954962658/NBNS.o
 .debug_line    0x00002e8d      0x14e build/default/debug/_ext/1954962658/RSA.o
 .debug_line    0x00002fdb      0x14e build/default/debug/_ext/1954962658/Random.o
 .debug_line    0x00003129      0x1e7 build/default/debug/_ext/1954962658/Reboot.o
 .debug_line    0x00003310      0x14e build/default/debug/_ext/1954962658/SMTP.o
 .debug_line    0x0000345e      0x14e build/default/debug/_ext/1954962658/SNMP.o
 .debug_line    0x000035ac      0x14e build/default/debug/_ext/1954962658/SNTP.o
 .debug_line    0x000036fa      0x14e build/default/debug/_ext/1954962658/SPIEEPROM.o
 .debug_line    0x00003848      0x14e build/default/debug/_ext/1954962658/SPIFlash.o
 .debug_line    0x00003996      0x14e build/default/debug/_ext/1954962658/SPIRAM.o
 .debug_line    0x00003ae4      0x14e build/default/debug/_ext/1954962658/SSL.o
 .debug_line    0x00003c32      0x241 build/default/debug/_ext/1954962658/StackTsk.o
 .debug_line    0x00003e73      0xb2e build/default/debug/_ext/1954962658/TCP.o
 .debug_line    0x000049a1      0x14e build/default/debug/_ext/1954962658/TCPPerformanceTest.o
 .debug_line    0x00004aef      0x14e build/default/debug/_ext/1954962658/TFTPc.o
 .debug_line    0x00004c3d      0x14e build/default/debug/_ext/1954962658/Telnet.o
 .debug_line    0x00004d8b      0x1d8 build/default/debug/_ext/1954962658/Tick.o
 .debug_line    0x00004f63      0x14e build/default/debug/_ext/1954962658/UART.o
 .debug_line    0x000050b1      0x14e build/default/debug/_ext/1954962658/UART2TCPBridge.o
 .debug_line    0x000051ff      0x35a build/default/debug/_ext/1954962658/UDP.o
 .debug_line    0x00005559      0x14e build/default/debug/_ext/1954962658/UDPPerformanceTest.o
 .debug_line    0x000056a7      0x19f build/default/debug/_ext/1954962658/ZeroconfHelper.o
 .debug_line    0x00005846      0x359 build/default/debug/_ext/1954962658/ZeroconfLinkLocal.o
 .debug_line    0x00005b9f      0x801 build/default/debug/_ext/1954962658/ZeroconfMulticastDNS.o
 .debug_line    0x000063a0      0x353 build/default/debug/_ext/243675038/WFConnectionAlgorithm.o
 .debug_line    0x000066f3      0x211 build/default/debug/_ext/243675038/WFConnectionManager.o
 .debug_line    0x00006904      0x2c4 build/default/debug/_ext/243675038/WFConnectionProfile.o
 .debug_line    0x00006bc8      0x14e build/default/debug/_ext/243675038/WFConsole.o
 .debug_line    0x00006d16      0x14e build/default/debug/_ext/243675038/WFConsoleIfconfig.o
 .debug_line    0x00006e64      0x14e build/default/debug/_ext/243675038/WFConsoleIwconfig.o
 .debug_line    0x00006fb2      0x14e build/default/debug/_ext/243675038/WFConsoleIwpriv.o
 .debug_line    0x00007100      0x1b7 build/default/debug/_ext/243675038/WFConsoleMsgHandler.o
 .debug_line    0x000072b7      0x26c build/default/debug/_ext/243675038/WFConsoleMsgs.o
 .debug_line    0x00007523      0x2e0 build/default/debug/_ext/243675038/WFDriverCom.o
 .debug_line    0x00007803      0x307 build/default/debug/_ext/243675038/WFDriverRaw.o
 .debug_line    0x00007b0a      0x253 build/default/debug/_ext/243675038/WFEasyConfig.o
 .debug_line    0x00007d5d      0x248 build/default/debug/_ext/243675038/WFEventHandler.o
 .debug_line    0x00007fa5      0x1e3 build/default/debug/_ext/243675038/WFInit.o
 .debug_line    0x00008188      0x413 build/default/debug/_ext/243675038/WFMac.o
 .debug_line    0x0000859b      0x24d build/default/debug/_ext/243675038/WFMgmtMsg.o
 .debug_line    0x000087e8      0x293 build/default/debug/_ext/243675038/WFParamMsg.o
 .debug_line    0x00008a7b      0x231 build/default/debug/_ext/243675038/WFPowerSave.o
 .debug_line    0x00008cac      0x1ec build/default/debug/_ext/243675038/WFScan.o
 .debug_line    0x00008e98      0x1fe build/default/debug/_ext/243675038/WFTxPower.o
 .debug_line    0x00009096      0x1c6 build/default/debug/_ext/243675038/WF_Eint.o
 .debug_line    0x0000925c      0x212 build/default/debug/_ext/243675038/WF_Spi.o
 .debug_line    0x0000946e      0x3e7 build/default/debug/_ext/1472/CustomHTTPApp.o
 .debug_line    0x00009855      0x15f build/default/debug/_ext/1472/MPFSImg2.o
 .debug_line    0x000099b4      0x429 build/default/debug/_ext/1472/MainDemo.o
 .debug_line    0x00009ddd      0x1de build/default/debug/_ext/1472/WF_Config.o
 .debug_line    0x00009fbb      0x14e build/default/debug/_ext/1472/IperfApp.o
 .debug_line    0x0000a109      0x112 c:/program files (x86)/microchip/mplab c32 suite/bin/../lib/gcc/pic32mx/4.5.1\libgcc.a(_udivdi3.o)
 .debug_line    0x0000a21b        0x0 c:/program files (x86)/microchip/mplab c32 suite/bin/../lib/gcc/pic32mx/4.5.1/../../../../pic32mx/lib\libc.a(_iob.o)
 .debug_line    0x0000a21b       0x87 c:/program files (x86)/microchip/mplab c32 suite/bin/../lib/gcc/pic32mx/4.5.1/../../../../pic32mx/lib\libc.a(fwrite.o)
 .debug_line    0x0000a2a2       0x85 c:/program files (x86)/microchip/mplab c32 suite/bin/../lib/gcc/pic32mx/4.5.1/../../../../pic32mx/lib\libc.a(atol.o)
 .debug_line    0x0000a327        0x0 c:/program files (x86)/microchip/mplab c32 suite/bin/../lib/gcc/pic32mx/4.5.1/../../../../pic32mx/lib\libc.a(ctype.o)
 .debug_line    0x0000a327       0x85 c:/program files (x86)/microchip/mplab c32 suite/bin/../lib/gcc/pic32mx/4.5.1/../../../../pic32mx/lib\libc.a(puts.o)
 .debug_line    0x0000a3ac       0x30 c:/program files (x86)/microchip/mplab c32 suite/bin/../lib/gcc/pic32mx/4.5.1/../../../../pic32mx/lib\libc.a(printf_cdnopsuxX.eo)
 .debug_line    0x0000a3dc       0x31 c:/program files (x86)/microchip/mplab c32 suite/bin/../lib/gcc/pic32mx/4.5.1/../../../../pic32mx/lib\libc.a(sprintf_cdnopsuxX.eo)
 .debug_line    0x0000a40d       0xa6 c:/program files (x86)/microchip/mplab c32 suite/bin/../lib/gcc/pic32mx/4.5.1/../../../../pic32mx/lib\libc.a(default-bootstrap-exception-handler.o)
 .debug_line    0x0000a4b3       0x93 c:/program files (x86)/microchip/mplab c32 suite/bin/../lib/gcc/pic32mx/4.5.1/../../../../pic32mx/lib\libc.a(default-on-reset.o)
 .debug_line    0x0000a546       0x97 c:/program files (x86)/microchip/mplab c32 suite/bin/../lib/gcc/pic32mx/4.5.1/../../../../pic32mx/lib\libc.a(default-on-bootstrap.o)
 .debug_line    0x0000a5dd       0x87 c:/program files (x86)/microchip/mplab c32 suite/bin/../lib/gcc/pic32mx/4.5.1/../../../../pic32mx/lib\libc.a(fflush.o)
 .debug_line    0x0000a664       0x2f c:/program files (x86)/microchip/mplab c32 suite/bin/../lib/gcc/pic32mx/4.5.1/../../../../pic32mx/lib\libc.a(_fputc_simple.o)
 .debug_line    0x0000a693       0x86 c:/program files (x86)/microchip/mplab c32 suite/bin/../lib/gcc/pic32mx/4.5.1/../../../../pic32mx/lib\libc.a(fseek.o)
 .debug_line    0x0000a719       0x30 c:/program files (x86)/microchip/mplab c32 suite/bin/../lib/gcc/pic32mx/4.5.1/../../../../pic32mx/lib\libc.a(doprnt_cdnopsuxX.eo)
 .debug_line    0x0000a749       0x88 c:/program files (x86)/microchip/mplab c32 suite/bin/../lib/gcc/pic32mx/4.5.1/../../../../pic32mx/lib\libc.a(write.o)
 .debug_line    0x0000a7d1       0x88 c:/program files (x86)/microchip/mplab c32 suite/bin/../lib/gcc/pic32mx/4.5.1/../../../../pic32mx/lib\libc.a(lseek.o)
 .debug_line    0x0000a859       0x30 c:/program files (x86)/microchip/mplab c32 suite/bin/../lib/gcc/pic32mx/4.5.1/../../../../pic32mx/lib\libc.a(_flsbuf_simple.o)
 .debug_line    0x0000a889       0xbf c:/program files (x86)/microchip/mplab c32 suite/bin/../lib/gcc/pic32mx/4.5.1/../../../../pic32mx/lib\libmchp_peripheral_32MX695F512H.a(soft_reset_lib.o)
 .debug_line    0x0000a948       0x62 c:/program files (x86)/microchip/mplab c32 suite/bin/../lib/gcc/pic32mx/4.5.1/../../../../pic32mx/lib\libmchp_peripheral_32MX695F512H.a(pcache.o)
 .debug_line    0x0000a9aa       0x73 c:/program files (x86)/microchip/mplab c32 suite/bin/../lib/gcc/pic32mx/4.5.1/../../../../pic32mx/lib\libmchp_peripheral_32MX695F512H.a(int_disable_interrupts_lib.o)
 .debug_line    0x0000aa1d       0x73 c:/program files (x86)/microchip/mplab c32 suite/bin/../lib/gcc/pic32mx/4.5.1/../../../../pic32mx/lib\libmchp_peripheral_32MX695F512H.a(int_restore_interrupts_lib.o)
 .debug_line    0x0000aa90       0x6e c:/program files (x86)/microchip/mplab c32 suite/bin/../lib/gcc/pic32mx/4.5.1/../../../../pic32mx/lib\libmchp_peripheral_32MX695F512H.a(int_enable_mv_int_lib.o)
 .debug_line    0x0000aafe       0x62 c:/program files (x86)/microchip/mplab c32 suite/bin/../lib/gcc/pic32mx/4.5.1/../../../../pic32mx/lib\libmchp_peripheral_32MX695F512H.a(uart_lib.o)
 .debug_line    0x0000ab60       0x72 c:/program files (x86)/microchip/mplab c32 suite/bin/../lib/gcc/pic32mx/4.5.1/../../../../pic32mx/lib\libmchp_peripheral_32MX695F512H.a(int_enable_interrupts_lib.o)
 .debug_line    0x0000abd2      0x128 c:/program files (x86)/microchip/mplab c32 suite/bin/../lib/gcc/pic32mx/4.5.1\libgcc.a(_umoddi3.o)

.debug_frame    0x00000000     0x315c
 *(.debug_frame)
 .debug_frame   0x00000000      0x118 build/default/debug/_ext/1954962658/ARP.o
 .debug_frame   0x00000118       0x48 build/default/debug/_ext/1954962658/Announce.o
 .debug_frame   0x00000160      0x114 build/default/debug/_ext/1954962658/DHCP.o
 .debug_frame   0x00000274       0x64 build/default/debug/_ext/1954962658/DHCPs.o
 .debug_frame   0x000002d8       0x48 build/default/debug/_ext/1954962658/DNSs.o
 .debug_frame   0x00000320       0x44 build/default/debug/_ext/1954962658/Delay.o
 .debug_frame   0x00000364      0x1b4 build/default/debug/_ext/1954962658/HTTP2.o
 .debug_frame   0x00000518      0x1a0 build/default/debug/_ext/1954962658/Helpers.o
 .debug_frame   0x000006b8       0x2c build/default/debug/_ext/1954962658/ICMP.o
 .debug_frame   0x000006e4       0x80 build/default/debug/_ext/1954962658/IP.o
 .debug_frame   0x00000764      0x230 build/default/debug/_ext/1954962658/MPFS2.o
 .debug_frame   0x00000994       0x64 build/default/debug/_ext/1954962658/NBNS.o
 .debug_frame   0x000009f8       0x2c build/default/debug/_ext/1954962658/Reboot.o
 .debug_frame   0x00000a24       0x64 build/default/debug/_ext/1954962658/StackTsk.o
 .debug_frame   0x00000a88      0x39c build/default/debug/_ext/1954962658/TCP.o
 .debug_frame   0x00000e24       0xcc build/default/debug/_ext/1954962658/Tick.o
 .debug_frame   0x00000ef0      0x200 build/default/debug/_ext/1954962658/UDP.o
 .debug_frame   0x000010f0       0x2c build/default/debug/_ext/1954962658/ZeroconfHelper.o
 .debug_frame   0x0000111c       0xcc build/default/debug/_ext/1954962658/ZeroconfLinkLocal.o
 .debug_frame   0x000011e8      0x2f0 build/default/debug/_ext/1954962658/ZeroconfMulticastDNS.o
 .debug_frame   0x000014d8      0x3dc build/default/debug/_ext/243675038/WFConnectionAlgorithm.o
 .debug_frame   0x000018b4       0x94 build/default/debug/_ext/243675038/WFConnectionManager.o
 .debug_frame   0x00001948      0x224 build/default/debug/_ext/243675038/WFConnectionProfile.o
 .debug_frame   0x00001b6c       0x2c build/default/debug/_ext/243675038/WFConsoleMsgHandler.o